<html>
<body>
<pre>
<h1>µVision Build Log</h1>
<h2>Tool Versions:</h2>
IDE-Version: µVision V5.31.0.0
Copyright (C) 2020 ARM Ltd and ARM Germany GmbH. All rights reserved.
License Information: ECBME Dept. Ryerson University Flex license: MDK Professional 5.31 (Flex): 200 user(s) (mdk_pro) Operation stops: 4 Jul 2027
 
Tool Versions:
Toolchain:       MDK Professional 5.31 (Flex): 200 user(s)  Version: 5.31.0.0
Toolchain Path:  C:\Keil_v5\ARM\ARMCC\Bin
C Compiler:      Armcc.exe V5.06 update 6 (build 750)
Assembler:       Armasm.exe V5.06 update 6 (build 750)
Linker/Locator:  ArmLink.exe V5.06 update 6 (build 750)
Library Manager: ArmAr.exe V5.06 update 6 (build 750)
Hex Converter:   FromElf.exe V5.06 update 6 (build 750)
CPU DLL:         SARMCM3.DLL V5.31.0.0
Dialog DLL:      DCM.DLL V1.17.3.0
Target DLL:      UL2CM3.DLL V1.163.4.0
Dialog DLL:      TCM.DLL V1.46.0.0
 
<h2>Project:</h2>
S:\Desktop\COE718FinalProject\COE718FinalProject\FinalProject.uvprojx
Project File Date:  11/15/2024

<h2>Output:</h2>
*** Using Compiler 'V5.06 update 6 (build 750)', folder: 'C:\Keil_v5\ARM\ARMCC\Bin'
Rebuild target 'Target 1'
compiling main.c...
game_menu.h(5): warning:  #1295-D: Deprecated declaration startSnakeGame - give arg types
  void startSnakeGame();
game_menu.h(6): warning:  #1295-D: Deprecated declaration startPongGame - give arg types
  void startPongGame();
game_menu.h(7): warning:  #1295-D: Deprecated declaration launchGameMenu - give arg types
  void launchGameMenu();
util.h(3): warning:  #1295-D: Deprecated declaration usbmain - give arg types
  void usbmain();
util.h(4): warning:  #1-D: last line of file ends without a newline
  #endif
KBD.h(17): warning:  #1-D: last line of file ends without a newline
  #endif
main.c(87): warning:  #1-D: last line of file ends without a newline
  }
main.c: 7 warnings, 0 errors
compiling adcuser.c...
compiling usbcore.c...
compiling usbdesc.c...
compiling usbdmain.c...
util.h(3): warning:  #1295-D: Deprecated declaration usbmain - give arg types
  void usbmain();
util.h(4): warning:  #1-D: last line of file ends without a newline
  #endif
KBD.h(17): warning:  #1-D: last line of file ends without a newline
  #endif
usbdmain.c(129): warning:  #223-D: function "SystemClockUpdate" declared implicitly
    SystemClockUpdate();
usbdmain.c(125): warning:  #177-D: variable "kbd_direction"  was declared but never referenced
        uint32_t kbd_direction;
usbdmain.c: 5 warnings, 0 errors
compiling usbhw.c...
compiling usbuser.c...
compiling KBD.c...
KBD.h(17): warning:  #1-D: last line of file ends without a newline
  #endif
KBD.c(54): warning:  #1-D: last line of file ends without a newline
  }
KBD.c: 2 warnings, 0 errors
compiling GLCD_SPI_LPC1700.c...
compiling LED.c...
compiling snake.c...
game_menu.h(5): warning:  #1295-D: Deprecated declaration startSnakeGame - give arg types
  void startSnakeGame();
game_menu.h(6): warning:  #1295-D: Deprecated declaration startPongGame - give arg types
  void startPongGame();
game_menu.h(7): warning:  #1295-D: Deprecated declaration launchGameMenu - give arg types
  void launchGameMenu();
snake.c(118): warning:  #1-D: last line of file ends without a newline
  }
snake.c: 4 warnings, 0 errors
compiling game_menu.c...
game_menu.h(5): warning:  #1295-D: Deprecated declaration startSnakeGame - give arg types
  void startSnakeGame();
game_menu.h(6): warning:  #1295-D: Deprecated declaration startPongGame - give arg types
  void startPongGame();
game_menu.h(7): warning:  #1295-D: Deprecated declaration launchGameMenu - give arg types
  void launchGameMenu();
KBD.h(17): warning:  #1-D: last line of file ends without a newline
  #endif
game_menu.c(72): warning:  #1-D: last line of file ends without a newline
  };
game_menu.c: 5 warnings, 0 errors
compiling pong.c...
game_menu.h(5): warning:  #1295-D: Deprecated declaration startSnakeGame - give arg types
  void startSnakeGame();
game_menu.h(6): warning:  #1295-D: Deprecated declaration startPongGame - give arg types
  void startPongGame();
game_menu.h(7): warning:  #1295-D: Deprecated declaration launchGameMenu - give arg types
  void launchGameMenu();
KBD.h(17): warning:  #1-D: last line of file ends without a newline
  #endif
pong.c: 4 warnings, 0 errors
compiling core_cm3.c...
assembling startup_LPC17xx.s...
compiling system_LPC17xx.c...
compiling RTX_Conf_CM.c...
linking...
Program Size: Code=16884 RO-data=6920 RW-data=216 ZI-data=5848  
".\Objects\FinalProject.axf" - 0 Error(s), 27 Warning(s).

<h2>Software Packages used:</h2>

Package Vendor: ARM
                http://www.keil.com/pack/ARM.CMSIS.5.7.0.pack
                ARM.CMSIS.5.7.0
                CMSIS (Cortex Microcontroller Software Interface Standard)
   * Component: RTOS Version: 1.0.0
   * Component: Keil RTX Version: 4.82.0

Package Vendor: Keil
                http://www.keil.com/pack/Keil.LPC1700_DFP.2.6.0.pack
                Keil.LPC1700_DFP.2.6.0
                NXP LPC1700 Series Device Support, Drivers and Examples for MCB1700 and LPC1788-32

<h2>Collection of Component include folders:</h2>
  .\RTE\_Target_1
  C:\Users\ECBME\AppData\Local\Arm\Packs\ARM\CMSIS\5.7.0\CMSIS\RTOS\RTX\INC
  C:\Users\ECBME\AppData\Local\Arm\Packs\Keil\LPC1700_DFP\2.6.0\Device\Include

<h2>Collection of Component Files used:</h2>

   * Component: ::CMSIS:RTOS:1.0.0 (API)

   * Component: ARM::CMSIS:RTOS:Keil RTX:4.82.0
      Library file:  CMSIS\RTOS\RTX\LIB\ARM\RTX_CM3.lib
      Source file:   CMSIS\RTOS\RTX\UserCodeTemplates\MsgQueue.c
      Include file:  CMSIS\RTOS\RTX\UserCodeTemplates\osObjects.h
      Source file:   CMSIS\RTOS\RTX\UserCodeTemplates\Timer.c
      Source file:   CMSIS\RTOS\RTX\SRC\ARM\SVC_Table.s
      Source file:   CMSIS\RTOS\RTX\UserCodeTemplates\main.c
      Source file:   CMSIS\RTOS\RTX\UserCodeTemplates\Semaphore.c
      Include file:  CMSIS\RTOS\RTX\INC\cmsis_os.h
      Source file:   CMSIS\RTOS\RTX\Templates\RTX_Conf_CM.c
      Source file:   CMSIS\RTOS\RTX\UserCodeTemplates\Thread.c
      Source file:   CMSIS\RTOS\RTX\UserCodeTemplates\MemPool.c
      Source file:   CMSIS\RTOS\RTX\UserCodeTemplates\MailQueue.c
      Source file:   CMSIS\RTOS\RTX\UserCodeTemplates\Mutex.c
Build Time Elapsed:  00:00:06
</pre>
</body>
</html>
