Component: ARM Compiler 5.06 update 6 (build 750) Tool: armlink [4d35ed]

==============================================================================

Section Cross References

    main.o(i.displayMainMenu) refers to glcd_spi_lpc1700.o(i.GLCD_SetBackColor) for GLCD_SetBackColor
    main.o(i.displayMainMenu) refers to glcd_spi_lpc1700.o(i.GLCD_SetTextColor) for GLCD_SetTextColor
    main.o(i.displayMainMenu) refers to glcd_spi_lpc1700.o(i.GLCD_DisplayString) for GLCD_DisplayString
    main.o(i.handleSelection) refers to game_menu.o(i.launchGameMenu) for launchGameMenu
    main.o(i.handleSelection) refers to main.o(i.displayMainMenu) for displayMainMenu
    main.o(i.handleSelection) refers to glcd_spi_lpc1700.o(i.GLCD_Clear) for GLCD_Clear
    main.o(i.handleSelection) refers to glcd_spi_lpc1700.o(i.GLCD_SetBackColor) for GLCD_SetBackColor
    main.o(i.handleSelection) refers to glcd_spi_lpc1700.o(i.GLCD_SetTextColor) for GLCD_SetTextColor
    main.o(i.handleSelection) refers to glcd_spi_lpc1700.o(i.GLCD_DisplayString) for GLCD_DisplayString
    main.o(i.handleSelection) refers to usbdmain.o(i.usbmain) for usbmain
    main.o(i.main) refers to glcd_spi_lpc1700.o(i.GLCD_Init) for GLCD_Init
    main.o(i.main) refers to kbd.o(i.KBD_Init) for KBD_Init
    main.o(i.main) refers to glcd_spi_lpc1700.o(i.GLCD_Clear) for GLCD_Clear
    main.o(i.main) refers to main.o(i.displayMainMenu) for displayMainMenu
    main.o(i.main) refers to kbd.o(i.get_button) for get_button
    main.o(i.main) refers to main.o(i.handleSelection) for handleSelection
    adcuser.o(i.ADC_IF_GetRequest) refers to usbcore.o(.data) for SetupPacket
    adcuser.o(i.ADC_IF_GetRequest) refers to usbdmain.o(.data) for Mute
    adcuser.o(i.ADC_IF_GetRequest) refers to usbcore.o(.bss) for EP0Buf
    adcuser.o(i.ADC_IF_GetRequest) refers to adcuser.o(.data) for VolCur
    adcuser.o(i.ADC_IF_SetRequest) refers to usbcore.o(.data) for SetupPacket
    adcuser.o(i.ADC_IF_SetRequest) refers to usbcore.o(.bss) for EP0Buf
    adcuser.o(i.ADC_IF_SetRequest) refers to usbdmain.o(.data) for Mute
    adcuser.o(i.ADC_IF_SetRequest) refers to adcuser.o(.data) for VolCur
    usbcore.o(i.USB_DataInStage) refers to usbhw.o(i.USB_WriteEP) for USB_WriteEP
    usbcore.o(i.USB_DataInStage) refers to usbcore.o(.data) for EP0Data
    usbcore.o(i.USB_DataOutStage) refers to usbhw.o(i.USB_ReadEP) for USB_ReadEP
    usbcore.o(i.USB_DataOutStage) refers to usbcore.o(.data) for EP0Data
    usbcore.o(i.USB_EndPoint0) refers to usbcore.o(i.USB_SetupStage) for USB_SetupStage
    usbcore.o(i.USB_EndPoint0) refers to usbhw.o(i.USB_DirCtrlEP) for USB_DirCtrlEP
    usbcore.o(i.USB_EndPoint0) refers to usbcore.o(i.USB_ReqGetStatus) for USB_ReqGetStatus
    usbcore.o(i.USB_EndPoint0) refers to usbcore.o(i.USB_DataInStage) for USB_DataInStage
    usbcore.o(i.USB_EndPoint0) refers to usbcore.o(i.USB_ReqSetClrFeature) for USB_ReqSetClrFeature
    usbcore.o(i.USB_EndPoint0) refers to usbcore.o(i.USB_StatusInStage) for USB_StatusInStage
    usbcore.o(i.USB_EndPoint0) refers to usbcore.o(i.USB_ReqGetDescriptor) for USB_ReqGetDescriptor
    usbcore.o(i.USB_EndPoint0) refers to usbhw.o(i.USB_SetStallEP) for USB_SetStallEP
    usbcore.o(i.USB_EndPoint0) refers to usbcore.o(i.USB_ReqSetConfiguration) for USB_ReqSetConfiguration
    usbcore.o(i.USB_EndPoint0) refers to usbcore.o(i.USB_ReqSetInterface) for USB_ReqSetInterface
    usbcore.o(i.USB_EndPoint0) refers to adcuser.o(i.ADC_IF_GetRequest) for ADC_IF_GetRequest
    usbcore.o(i.USB_EndPoint0) refers to adcuser.o(i.ADC_EP_GetRequest) for ADC_EP_GetRequest
    usbcore.o(i.USB_EndPoint0) refers to usbcore.o(i.USB_DataOutStage) for USB_DataOutStage
    usbcore.o(i.USB_EndPoint0) refers to adcuser.o(i.ADC_IF_SetRequest) for ADC_IF_SetRequest
    usbcore.o(i.USB_EndPoint0) refers to adcuser.o(i.ADC_EP_SetRequest) for ADC_EP_SetRequest
    usbcore.o(i.USB_EndPoint0) refers to usbcore.o(i.USB_StatusOutStage) for USB_StatusOutStage
    usbcore.o(i.USB_EndPoint0) refers to usbhw.o(i.USB_SetAddress) for USB_SetAddress
    usbcore.o(i.USB_EndPoint0) refers to usbhw.o(i.USB_ClrStallEP) for USB_ClrStallEP
    usbcore.o(i.USB_EndPoint0) refers to usbcore.o(.data) for SetupPacket
    usbcore.o(i.USB_EndPoint0) refers to usbcore.o(.bss) for EP0Buf
    usbcore.o(i.USB_ResetCore) refers to usbcore.o(.data) for USB_DeviceStatus
    usbcore.o(i.USB_SetupStage) refers to usbhw.o(i.USB_ReadEP) for USB_ReadEP
    usbcore.o(i.USB_SetupStage) refers to usbcore.o(.data) for SetupPacket
    usbcore.o(i.USB_StatusInStage) refers to usbhw.o(i.USB_WriteEP) for USB_WriteEP
    usbcore.o(i.USB_StatusOutStage) refers to usbhw.o(i.USB_ReadEP) for USB_ReadEP
    usbcore.o(i.USB_StatusOutStage) refers to usbcore.o(.bss) for EP0Buf
    usbdmain.o(i.TIMER0_IRQHandler) refers to usbdmain.o(i.get_potval) for get_potval
    usbdmain.o(i.TIMER0_IRQHandler) refers to usbdmain.o(.data) for DataRun
[...]
    i.WrCmdEP                                0x00002278   Section        0  usbhw.o(i.WrCmdEP)
    i._init_box                              0x000022d0   Section        0  rt_membox.o(i._init_box)
    i._mutex_acquire                         0x00002318   Section        0  rtx_conf_cm.o(i._mutex_acquire)
    __tagsym$$used                           0x00002319   Number         0  rtx_conf_cm.o(i._mutex_acquire)
    i._mutex_release                         0x00002338   Section        0  rtx_conf_cm.o(i._mutex_release)
    __tagsym$$used                           0x00002339   Number         0  rtx_conf_cm.o(i._mutex_release)
    i.checkWin                               0x00002354   Section        0  pong.o(i.checkWin)
    i.dbg_init                               0x0000238c   Section        0  hal_cm.o(i.dbg_init)
    i.dbg_task_notify                        0x000023bc   Section        0  hal_cm.o(i.dbg_task_notify)
    i.dbg_task_switch                        0x000023dc   Section        0  hal_cm.o(i.dbg_task_switch)
    i.delay                                  0x000023ec   Section        0  glcd_spi_lpc1700.o(i.delay)
    delay                                    0x000023ed   Thumb Code    14  glcd_spi_lpc1700.o(i.delay)
    i.displayGameMenu                        0x000023fc   Section        0  game_menu.o(i.displayGameMenu)
    i.displayMainMenu                        0x000024f0   Section        0  main.o(i.displayMainMenu)
    i.drawBall                               0x000025e4   Section        0  pong.o(i.drawBall)
    i.drawBricks                             0x00002608   Section        0  pong.o(i.drawBricks)
    i.drawGame                               0x00002680   Section        0  pong.o(i.drawGame)
    i.drawPaddle                             0x00002698   Section        0  pong.o(i.drawPaddle)
    i.drawSnakeGame                          0x000026c8   Section        0  snake.o(i.drawSnakeGame)
    i.get_button                             0x000026ca   Section        0  kbd.o(i.get_button)
    i.get_potval                             0x000026e0   Section        0  usbdmain.o(i.get_potval)
    i.handleGameSelection                    0x00002724   Section        0  game_menu.o(i.handleGameSelection)
    i.handleSelection                        0x00002760   Section        0  main.o(i.handleSelection)
    i.initBricks                             0x000027f4   Section        0  pong.o(i.initBricks)
    i.isrMessageGet                          0x00002850   Section        0  rt_cmsis.o(i.isrMessageGet)
    i.isrMessagePut                          0x0000287a   Section        0  rt_cmsis.o(i.isrMessagePut)
    i.isr_mbx_receive                        0x000028a8   Section        0  rt_mailbox.o(i.isr_mbx_receive)
    i.isr_mbx_send                           0x000028fe   Section        0  rt_mailbox.o(i.isr_mbx_send)
    i.launchGameMenu                         0x0000290c   Section        0  game_menu.o(i.launchGameMenu)
    i.logicSnakeGame                         0x00002970   Section        0  snake.o(i.logicSnakeGame)
    i.main                                   0x00002b10   Section        0  main.o(i.main)
    i.moveBall                               0x00002b70   Section        0  pong.o(i.moveBall)
    i.movePaddle                             0x00002cbc   Section        0  pong.o(i.movePaddle)
    i.osKernelInitialize                     0x00002cf8   Section        0  rt_cmsis.o(i.osKernelInitialize)
    i.osKernelStart                          0x00002d1c   Section        0  rt_cmsis.o(i.osKernelStart)
    i.osMessageGet                           0x00002d88   Section        0  rt_cmsis.o(i.osMessageGet)
    i.osThreadCreate                         0x00002da0   Section        0  rt_cmsis.o(i.osThreadCreate)
    i.osThreadExit                           0x00002dcc   Section        0  rt_cmsis.o(i.osThreadExit)
    i.osTimerCall                            0x00002de4   Section        0  rt_cmsis.o(i.osTimerCall)
    i.osTimerThread                          0x00002df0   Section        0  rt_cmsis.o(i.osTimerThread)
    i.os_error                               0x00002e1c   Section        0  rtx_conf_cm.o(i.os_error)
    i.os_idle_demon                          0x00002e3e   Section        0  rtx_conf_cm.o(i.os_idle_demon)
    i.os_tick_init                           0x00002e44   Section        0  rt_system.o(i.os_tick_init)
    i.os_tick_irqack                         0x00002e6c   Section        0  rt_system.o(i.os_tick_irqack)
    i.rd_id_man                              0x00002e70   Section        0  glcd_spi_lpc1700.o(i.rd_id_man)
    rd_id_man                                0x00002e71   Thumb Code   132  glcd_spi_lpc1700.o(i.rd_id_man)
    i.rd_reg                                 0x00002efc   Section        0  glcd_spi_lpc1700.o(i.rd_reg)
    rd_reg                                   0x00002efd   Thumb Code    66  glcd_spi_lpc1700.o(i.rd_reg)
    i.rt_alloc_box                           0x00002f44   Section        0  rt_membox.o(i.rt_alloc_box)
    i.rt_alloc_mem                           0x00002f5e   Section        0  rt_memory.o(i.rt_alloc_mem)
    i.rt_block                               0x00002f9c   Section        0  rt_task.o(i.rt_block)
    i.rt_chk_robin                           0x00002fd4   Section        0  rt_robin.o(i.rt_chk_robin)
    i.rt_dec_dly                             0x0000301c   Section        0  rt_list.o(i.rt_dec_dly)
    i.rt_dispatch                            0x0000308c   Section        0  rt_task.o(i.rt_dispatch)
    i.rt_evt_psh                             0x000030d0   Section        0  rt_event.o(i.rt_evt_psh)
    i.rt_free_box                            0x00003120   Section        0  rt_membox.o(i.rt_free_box)
    i.rt_free_mem                            0x0000314c   Section        0  rt_memory.o(i.rt_free_mem)
    i.rt_get_first                           0x00003174   Section        0  rt_list.o(i.rt_get_first)
    i.rt_id2obj                              0x0000319c   Section        0  rt_cmsis.o(i.rt_id2obj)
    rt_id2obj                                0x0000319d   Thumb Code     8  rt_cmsis.o(i.rt_id2obj)
    i.rt_init_context                        0x000031a4   Section        0  rt_task.o(i.rt_init_context)
    rt_init_context                          0x000031a5   Thumb Code    66  rt_task.o(i.rt_init_context)
    i.rt_init_mem                            0x000031ec   Section        0  rt_memory.o(i.rt_init_mem)
    i.rt_init_robin                          0x00003208   Section        0  rt_robin.o(i.rt_init_robin)
    i.rt_init_stack                          0x00003220   Section        0  hal_cm.o(i.rt_init_stack)
    i.rt_mbx_check                           0x000032a0   Section        0  rt_mailbox.o(i.rt_mbx_check)
    i.rt_mbx_init                            0x000032a8   Section        0  rt_mailbox.o(i.rt_mbx_init)
    i.rt_mbx_psh                             0x000032c4   Section        0  rt_mailbox.o(i.rt_mbx_psh)
    i.rt_mbx_wait                            0x000033b4   Section        0  rt_mailbox.o(i.rt_mbx_wait)
    i.rt_ms2tick                             0x00003468   Section        0  rt_cmsis.o(i.rt_ms2tick)
    rt_ms2tick                               0x00003469   Thumb Code    58  rt_cmsis.o(i.rt_ms2tick)
    i.rt_mut_release                         0x000034ac   Section        0  rt_mutex.o(i.rt_mut_release)
    i.rt_mut_wait                            0x00003584   Section        0  rt_mutex.o(i.rt_mut_wait)
    i.rt_pop_req                             0x000035fc   Section        0  rt_system.o(i.rt_pop_req)
    i.rt_psh_req                             0x00003678   Section        0  rt_system.o(i.rt_psh_req)
    i.rt_psq_enq                             0x00003698   Section        0  rt_list.o(i.rt_psq_enq)
    i.rt_put_dly                             0x000036f4   Section        0  rt_list.o(i.rt_put_dly)
    i.rt_put_prio                            0x0000373c   Section        0  rt_list.o(i.rt_put_prio)
    i.rt_put_rdy_first                       0x00003774   Section        0  rt_list.o(i.rt_put_rdy_first)
    i.rt_resort_prio                         0x00003788   Section        0  rt_list.o(i.rt_resort_prio)
    i.rt_ret_val                             0x000037bc   Section        0  hal_cm.o(i.rt_ret_val)
    i.rt_ret_val2                            0x000037c2   Section        0  hal_cm.o(i.rt_ret_val2)
    i.rt_rmv_dly                             0x000037ca   Section        0  rt_list.o(i.rt_rmv_dly)
    i.rt_rmv_list                            0x000037f4   Section        0  rt_list.o(i.rt_rmv_list)
    i.rt_sem_psh                             0x00003824   Section        0  rt_semaphore.o(i.rt_sem_psh)
    i.rt_stk_check                           0x00003858   Section        0  rt_system.o(i.rt_stk_check)
    i.rt_switch_req                          0x0000387c   Section        0  rt_task.o(i.rt_switch_req)
    i.rt_sys_init                            0x000038a4   Section        0  rt_task.o(i.rt_sys_init)
    i.rt_sys_start                           0x00003970   Section        0  rt_task.o(i.rt_sys_start)
    i.rt_systick                             0x000039e8   Section        0  rt_system.o(i.rt_systick)
    i.rt_tid2ptcb                            0x00003a28   Section        0  rt_cmsis.o(i.rt_tid2ptcb)
    rt_tid2ptcb                              0x00003a29   Thumb Code    18  rt_cmsis.o(i.rt_tid2ptcb)
    i.rt_timer_insert                        0x00003a3c   Section        0  rt_cmsis.o(i.rt_timer_insert)
    rt_timer_insert                          0x00003a3d   Thumb Code    48  rt_cmsis.o(i.rt_timer_insert)
    i.rt_tsk_create                          0x00003a70   Section        0  rt_task.o(i.rt_tsk_create)
    i.rt_tsk_delete                          0x00003af8   Section        0  rt_task.o(i.rt_tsk_delete)
    i.rt_tsk_prio                            0x00003c74   Section        0  rt_task.o(i.rt_tsk_prio)
    i.rt_tsk_self                            0x00003cf0   Section        0  rt_task.o(i.rt_tsk_self)
    i.setupSnakeGame                         0x00003d00   Section        0  snake.o(i.setupSnakeGame)
    i.spi_tran                               0x00003d7c   Section        0  glcd_spi_lpc1700.o(i.spi_tran)
    spi_tran                                 0x00003d7d   Thumb Code    28  glcd_spi_lpc1700.o(i.spi_tran)
    i.spi_tran_man                           0x00003d9c   Section        0  glcd_spi_lpc1700.o(i.spi_tran_man)
    spi_tran_man                             0x00003d9d   Thumb Code   124  glcd_spi_lpc1700.o(i.spi_tran_man)
    i.startPongGame                          0x00003e1c   Section        0  pong.o(i.startPongGame)
    i.startSnakeGame                         0x00003ee8   Section        0  snake.o(i.startSnakeGame)
    i.svcKernelInitialize                    0x00003f08   Section        0  rt_cmsis.o(i.svcKernelInitialize)
    i.svcKernelStart                         0x00003f78   Section        0  rt_cmsis.o(i.svcKernelStart)
    i.svcMessageCreate                       0x00003fc0   Section        0  rt_cmsis.o(i.svcMessageCreate)
    i.svcMessageGet                          0x00003fe4   Section        0  rt_cmsis.o(i.svcMessageGet)
    i.svcThreadCreate                        0x00004020   Section        0  rt_cmsis.o(i.svcThreadCreate)
    i.svcThreadGetId                         0x0000408c   Section        0  rt_cmsis.o(i.svcThreadGetId)
    i.svcThreadTerminate                     0x000040a8   Section        0  rt_cmsis.o(i.svcThreadTerminate)
    i.svcTimerCall                           0x000040e0   Section        0  rt_cmsis.o(i.svcTimerCall)
    i.sysTimerTick                           0x000040f8   Section        0  rt_cmsis.o(i.sysTimerTick)
    i.usbmain                                0x00004154   Section        0  usbdmain.o(i.usbmain)
    i.wr_cmd                                 0x00004228   Section        0  glcd_spi_lpc1700.o(i.wr_cmd)
    wr_cmd                                   0x00004229   Thumb Code    36  glcd_spi_lpc1700.o(i.wr_cmd)
    i.wr_dat                                 0x00004250   Section        0  glcd_spi_lpc1700.o(i.wr_dat)
    wr_dat                                   0x00004251   Thumb Code    36  glcd_spi_lpc1700.o(i.wr_dat)
    i.wr_dat_only                            0x00004278   Section        0  glcd_spi_lpc1700.o(i.wr_dat_only)
    wr_dat_only                              0x00004279   Thumb Code    18  glcd_spi_lpc1700.o(i.wr_dat_only)
    i.wr_dat_start                           0x0000428c   Section        0  glcd_spi_lpc1700.o(i.wr_dat_start)
    wr_dat_start                             0x0000428d   Thumb Code    16  glcd_spi_lpc1700.o(i.wr_dat_start)
    i.wr_dat_stop                            0x000042a0   Section        0  glcd_spi_lpc1700.o(i.wr_dat_stop)
    wr_dat_stop                              0x000042a1   Thumb Code     8  glcd_spi_lpc1700.o(i.wr_dat_stop)
    i.wr_reg                                 0x000042ac   Section        0  glcd_spi_lpc1700.o(i.wr_reg)
    wr_reg                                   0x000042ad   Thumb Code    20  glcd_spi_lpc1700.o(i.wr_reg)
    .constdata                               0x000042c0   Section      228  usbdesc.o(.constdata)
    .constdata                               0x000043a4   Section       16  usbhw.o(.constdata)
    .constdata                               0x000043b4   Section       64  usbuser.o(.constdata)
    .constdata                               0x000043f4   Section     6272  glcd_spi_lpc1700.o(.constdata)
    .constdata                               0x00005c74   Section      104  rtx_conf_cm.o(.constdata)
    __tagsym$$used                           0x00005c90   Number         0  rtx_conf_cm.o(.constdata)
    __tagsym$$used                           0x00005c94   Number         0  rtx_conf_cm.o(.constdata)
    __tagsym$$used                           0x00005c98   Number         0  rtx_conf_cm.o(.constdata)
    __tagsym$$used                           0x00005c9c   Number         0  rtx_conf_cm.o(.constdata)
    .data                                    0x10000000   Section        2  adcuser.o(.data)
    .data                                    0x10000004   Section       40  usbcore.o(.data)
    .data                                    0x1000002c   Section       32  usbdmain.o(.data)
    .data                                    0x1000004c   Section        8  usbhw.o(.data)
    .data                                    0x10000054   Section        5  glcd_spi_lpc1700.o(.data)
    Color                                    0x10000054   Data           4  glcd_spi_lpc1700.o(.data)
    Himax                                    0x10000058   Data           1  glcd_spi_lpc1700.o(.data)
    .data                                    0x1000005c   Section       32  snake.o(.data)
    .data                                    0x1000007c   Section       24  pong.o(.data)
    .data                                    0x10000094   Section        8  system_lpc17xx.o(.data)
    .data                                    0x1000009c   Section       20  rtx_conf_cm.o(.data)
    nr_mutex                                 0x100000ac   Data           4  rtx_conf_cm.o(.data)
    .data                                    0x100000b0   Section        8  rt_cmsis.o(.data)
    .data                                    0x100000b8   Section        8  rt_task.o(.data)
    .data                                    0x100000c0   Section        8  rt_system.o(.data)
    os_lock                                  0x100000c0   Data           1  rt_system.o(.data)
    os_psh_flag                              0x100000c1   Data           1  rt_system.o(.data)
    pend_flags                               0x100000c2   Data           1  rt_system.o(.data)
    .data                                    0x100000c8   Section        4  rt_time.o(.data)
    .data                                    0x100000cc   Section        8  rt_robin.o(.data)
    .data                                    0x100000d4   Section        1  hal_cm.o(.data)
    .bss                                     0x100000d8   Section       64  usbcore.o(.bss)
    .bss                                     0x10000118   Section      128  usbhw.o(.bss)
    .bss                                     0x10000198   Section      800  snake.o(.bss)
    .bss                                     0x100004b8   Section      360  pong.o(.bss)
    .bss                                     0x10000620   Section     3016  rtx_conf_cm.o(.bss)
    std_libspace                             0x10000ec8   Data         672  rtx_conf_cm.o(.bss)
    std_libmutex                             0x10001168   Data         128  rtx_conf_cm.o(.bss)
    .bss                                     0x100011e8   Section       52  rt_task.o(.bss)
    .bss                                     0x1000121c   Section       48  rt_list.o(.bss)
    .bss                                     0x1000124c   Section       96  libspace.o(.bss)
    .bss                                     0x100012ac   Section      228  rand.o(.bss)
    HEAP                                     0x10001390   Section        0  startup_lpc17xx.o(HEAP)
    STACK                                    0x10001390   Section      512  startup_lpc17xx.o(STACK)
    Heap_Mem                                 0x10001390   Data           0  startup_lpc17xx.o(HEAP)
    Stack_Mem                                0x10001390   Data         512  startup_lpc17xx.o(STACK)
    USB_RAM                                  0x10001590   Section      544  usbhw.o(USB_RAM)
    __initial_sp                             0x10001590   Data           0  startup_lpc17xx.o(STACK)

    Global Symbols

    Symbol Name                              Value     Ov Type        Size  Object(Section)

    BuildAttributes$$THM_ISAv4$P$D$K$B$S$PE$A:L22UL41UL21$X:L11$S22US41US21$IEEE1$IW$USESV6$~STKCKD$USESV7$~SHL$OSPACE$ROPI$EBA8$UX$STANDARDLIB$REQ8$PRES8$EABIv2 0x00000000   Number         0  anon$$obj.o ABSOLUTE
    __ARM_use_no_argv                        0x00000000   Number         0  main.o ABSOLUTE
    __Vectors                                0x00000000   Data           4  startup_lpc17xx.o(RESET)
    __ARM_exceptions_init                     - Undefined Weak Reference
    __alloca_initialize                       - Undefined Weak Reference
    __arm_preinit_                            - Undefined Weak Reference
    __cpp_initialize__aeabi_                  - Undefined Weak Reference
    __cxa_finalize                            - Undefined Weak Reference
    __rt_locale                               - Undefined Weak Reference
    __sigvec_lookup                           - Undefined Weak Reference
    _atexit_init                              - Undefined Weak Reference
    _call_atexit_fns                          - Undefined Weak Reference
    _clock_init                               - Undefined Weak Reference
    _fp_trap_init                             - Undefined Weak Reference
    _fp_trap_shutdown                         - Undefined Weak Reference
    _get_lc_collate                           - Undefined Weak Reference
    _get_lc_ctype                             - Undefined Weak Reference
    _get_lc_monetary                          - Undefined Weak Reference
    _get_lc_numeric                           - Undefined Weak Reference
    _get_lc_time                              - Undefined Weak Reference
    _getenv_init                              - Undefined Weak Reference
    _handle_redirection                       - Undefined Weak Reference
    _init_alloc                               - Undefined Weak Reference
    _init_user_alloc                          - Undefined Weak Reference
    _initio                                   - Undefined Weak Reference
    _signal_finish                            - Undefined Weak Reference
    _signal_init                              - Undefined Weak Reference
    _terminate_alloc                          - Undefined Weak Reference
    _terminate_user_alloc                     - Undefined Weak Reference
    _terminateio                              - Undefined Weak Reference
    __main                                   0x000000cd   Thumb Code     8  __main.o(!!!main)
    __scatterload                            0x000000d5   Thumb Code     0  __scatter.o(!!!scatter)
    __scatterload_rt2                        0x000000d5   Thumb Code    44  __scatter.o(!!!scatter)
    __scatterload_rt2_thumb_only             0x000000d5   Thumb Code     0  __scatter.o(!!!scatter)
    __scatterload_null                       0x000000e3   Thumb Code     0  __scatter.o(!!!scatter)
    __scatterload_copy                       0x00000109   Thumb Code    26  __scatter_copy.o(!!handler_copy)
    __scatterload_zeroinit                   0x00000125   Thumb Code    28  __scatter_zi.o(!!handler_zi)
    __rt_lib_init                            0x00000141   Thumb Code     0  libinit.o(.ARM.Collect$$libinit$$00000000)
    __rt_lib_init_fp_1                       0x00000143   Thumb Code     0  libinit2.o(.ARM.Collect$$libinit$$00000002)
    __rt_lib_init_heap_1                     0x00000143   Thumb Code     0  libinit2.o(.ARM.Collect$$libinit$$0000000A)
    __rt_lib_init_preinit_1                  0x00000143   Thumb Code     0  libinit2.o(.ARM.Collect$$libinit$$00000004)
    __rt_lib_init_rand_2                     0x00000143   Thumb Code     0  libinit2.o(.ARM.Collect$$libinit$$0000000D)
    __rt_lib_init_user_alloc_1               0x00000143   Thumb Code     0  libinit2.o(.ARM.Collect$$libinit$$0000000C)
    __rt_lib_init_alloca_1                   0x00000147   Thumb Code     0  libinit2.o(.ARM.Collect$$libinit$$0000002E)
    __rt_lib_init_argv_1                     0x00000147   Thumb Code     0  libinit2.o(.ARM.Collect$$libinit$$0000002C)
    __rt_lib_init_atexit_1                   0x00000147   Thumb Code     0  libinit2.o(.ARM.Collect$$libinit$$0000001B)
    __rt_lib_init_clock_1                    0x00000147   Thumb Code     0  libinit2.o(.ARM.Collect$$libinit$$00000021)
    __rt_lib_init_cpp_1                      0x00000147   Thumb Code     0  libinit2.o(.ARM.Collect$$libinit$$00000032)
    __rt_lib_init_exceptions_1               0x00000147   Thumb Code     0  libinit2.o(.ARM.Collect$$libinit$$00000030)
    __rt_lib_init_fp_trap_1                  0x00000147   Thumb Code     0  libinit2.o(.ARM.Collect$$libinit$$0000001F)
    __rt_lib_init_getenv_1                   0x00000147   Thumb Code     0  libinit2.o(.ARM.Collect$$libinit$$00000023)
    __rt_lib_init_lc_collate_1               0x00000147   Thumb Code     0  libinit2.o(.ARM.Collect$$libinit$$00000011)
    __rt_lib_init_lc_ctype_1                 0x00000147   Thumb Code     0  libinit2.o(.ARM.Collect$$libinit$$00000013)
    __rt_lib_init_lc_monetary_1              0x00000147   Thumb Code     0  libinit2.o(.ARM.Collect$$libinit$$00000015)
    __rt_lib_init_lc_numeric_1               0x00000147   Thumb Code     0  libinit2.o(.ARM.Collect$$libinit$$00000017)
    __rt_lib_init_lc_time_1                  0x00000147   Thumb Code     0  libinit2.o(.ARM.Collect$$libinit$$00000019)
    __rt_lib_init_rand_1                     0x00000147   Thumb Code     0  libinit2.o(.ARM.Collect$$libinit$$0000000E)
    __rt_lib_init_return                     0x00000147   Thumb Code     0  libinit2.o(.ARM.Collect$$libinit$$00000033)
    __rt_lib_init_signal_1                   0x00000147   Thumb Code     0  libinit2.o(.ARM.Collect$$libinit$$0000001D)
    __rt_lib_init_stdio_1                    0x00000147   Thumb Code     0  libinit2.o(.ARM.Collect$$libinit$$00000025)
    __rt_lib_shutdown                        0x00000149   Thumb Code     0  libshutdown.o(.ARM.Collect$$libshutdown$$00000000)
    __rt_lib_shutdown_cpp_1                  0x0000014b   Thumb Code     0  libshutdown2.o(.ARM.Collect$$libshutdown$$00000002)
    __rt_lib_shutdown_fp_trap_1              0x0000014b   Thumb Code     0  libshutdown2.o(.ARM.Collect$$libshutdown$$00000007)
    __rt_lib_shutdown_heap_1                 0x0000014b   Thumb Code     0  libshutdown2.o(.ARM.Collect$$libshutdown$$0000000F)
    __rt_lib_shutdown_return                 0x0000014b   Thumb Code     0  libshutdown2.o(.ARM.Collect$$libshutdown$$00000010)
    __rt_lib_shutdown_signal_1               0x0000014b   Thumb Code     0  libshutdown2.o(.ARM.Collect$$libshutdown$$0000000A)
    __rt_lib_shutdown_stdio_1                0x0000014b   Thumb Code     0  libshutdown2.o(.ARM.Collect$$libshutdown$$00000004)
    __rt_lib_shutdown_user_alloc_1           0x0000014b   Thumb Code     0  libshutdown2.o(.ARM.Collect$$libshutdown$$0000000C)
    __rt_entry                               0x0000014d   Thumb Code     0  __rtentry.o(.ARM.Collect$$rtentry$$00000000)
    __rt_entry_presh_1                       0x0000014d   Thumb Code     0  __rtentry2.o(.ARM.Collect$$rtentry$$00000002)
    __rt_entry_sh                            0x0000014d   Thumb Code     0  __rtentry4.o(.ARM.Collect$$rtentry$$00000004)
    __rt_entry_li                            0x00000153   Thumb Code     0  __rtentry2.o(.ARM.Collect$$rtentry$$0000000A)
    __rt_entry_postsh_1                      0x00000153   Thumb Code     0  __rtentry2.o(.ARM.Collect$$rtentry$$00000009)
    __rt_entry_postli_1                      0x00000157   Thumb Code     0  __rtentry2.o(.ARM.Collect$$rtentry$$0000000B)
    __rt_entry_main                          0x0000015f   Thumb Code     0  __rtentry2.o(.ARM.Collect$$rtentry$$0000000D)
    __rt_exit                                0x00000167   Thumb Code     0  rtexit.o(.ARM.Collect$$rtexit$$00000000)
    __rt_exit_ls                             0x00000169   Thumb Code     0  rtexit2.o(.ARM.Collect$$rtexit$$00000003)
    __rt_exit_prels_1                        0x00000169   Thumb Code     0  rtexit2.o(.ARM.Collect$$rtexit$$00000002)
    __rt_exit_exit                           0x0000016d   Thumb Code     0  rtexit2.o(.ARM.Collect$$rtexit$$00000004)
    _platform_post_lib_init                  0x00000175   Thumb Code    24  rtx_conf_cm.o(.emb_text)
    rt_set_PSP                               0x00000191   Thumb Code     6  hal_cm3.o(.emb_text)
    rt_get_PSP                               0x00000197   Thumb Code     6  hal_cm3.o(.emb_text)
    os_set_env                               0x0000019d   Thumb Code    24  hal_cm3.o(.emb_text)
    _alloc_box                               0x000001b9   Thumb Code    28  hal_cm3.o(.emb_text)
    _free_box                                0x000001d9   Thumb Code    28  hal_cm3.o(.emb_text)
    SVC_Handler                              0x000001f9   Thumb Code   108  hal_cm3.o(.emb_text)
    PendSV_Handler                           0x00000271   Thumb Code    56  hal_cm3.o(.emb_text)
    SysTick_Handler                          0x000002ad   Thumb Code     8  hal_cm3.o(.emb_text)
    OS_Tick_Handler                          0x000002b5   Thumb Code    12  hal_cm3.o(.emb_text)
    rand                                     0x000002c1   Thumb Code    48  rand.o(.emb_text)
    __user_libspace                          0x000002f5   Thumb Code     8  libspace.o(.text)
    __user_perproc_libspace                  0x000002f5   Thumb Code     0  libspace.o(.text)
    Reset_Handler                            0x00000301   Thumb Code     8  startup_lpc17xx.o(.text)
    NMI_Handler                              0x00000309   Thumb Code     2  startup_lpc17xx.o(.text)
    HardFault_Handler                        0x0000030b   Thumb Code     2  startup_lpc17xx.o(.text)
    MemManage_Handler                        0x0000030d   Thumb Code     2  startup_lpc17xx.o(.text)
    BusFault_Handler                         0x0000030f   Thumb Code     2  startup_lpc17xx.o(.text)
    UsageFault_Handler                       0x00000311   Thumb Code     2  startup_lpc17xx.o(.text)
    DebugMon_Handler                         0x00000315   Thumb Code     2  startup_lpc17xx.o(.text)
    ADC_IRQHandler                           0x0000031b   Thumb Code     0  startup_lpc17xx.o(.text)
    BOD_IRQHandler                           0x0000031b   Thumb Code     0  startup_lpc17xx.o(.text)
    CANActivity_IRQHandler                   0x0000031b   Thumb Code     0  startup_lpc17xx.o(.text)
    CAN_IRQHandler                           0x0000031b   Thumb Code     0  startup_lpc17xx.o(.text)
    DMA_IRQHandler                           0x0000031b   Thumb Code     0  startup_lpc17xx.o(.text)
    EINT0_IRQHandler                         0x0000031b   Thumb Code     0  startup_lpc17xx.o(.text)
    EINT1_IRQHandler                         0x0000031b   Thumb Code     0  startup_lpc17xx.o(.text)
    EINT2_IRQHandler                         0x0000031b   Thumb Code     0  startup_lpc17xx.o(.text)
    EINT3_IRQHandler                         0x0000031b   Thumb Code     0  startup_lpc17xx.o(.text)
    ENET_IRQHandler                          0x0000031b   Thumb Code     0  startup_lpc17xx.o(.text)
    I2C0_IRQHandler                          0x0000031b   Thumb Code     0  startup_lpc17xx.o(.text)
    I2C1_IRQHandler                          0x0000031b   Thumb Code     0  startup_lpc17xx.o(.text)
    I2C2_IRQHandler                          0x0000031b   Thumb Code     0  startup_lpc17xx.o(.text)
    I2S_IRQHandler                           0x0000031b   Thumb Code     0  startup_lpc17xx.o(.text)
    MCPWM_IRQHandler                         0x0000031b   Thumb Code     0  startup_lpc17xx.o(.text)
    PLL0_IRQHandler                          0x0000031b   Thumb Code     0  startup_lpc17xx.o(.text)
    PLL1_IRQHandler                          0x0000031b   Thumb Code     0  startup_lpc17xx.o(.text)
    PWM1_IRQHandler                          0x0000031b   Thumb Code     0  startup_lpc17xx.o(.text)
    QEI_IRQHandler                           0x0000031b   Thumb Code     0  startup_lpc17xx.o(.text)
    RIT_IRQHandler                           0x0000031b   Thumb Code     0  startup_lpc17xx.o(.text)
    RTC_IRQHandler                           0x0000031b   Thumb Code     0  startup_lpc17xx.o(.text)
    SPI_IRQHandler                           0x0000031b   Thumb Code     0  startup_lpc17xx.o(.text)
    SSP0_IRQHandler                          0x0000031b   Thumb Code     0  startup_lpc17xx.o(.text)
    SSP1_IRQHandler                          0x0000031b   Thumb Code     0  startup_lpc17xx.o(.text)
    TIMER1_IRQHandler                        0x0000031b   Thumb Code     0  startup_lpc17xx.o(.text)
    TIMER2_IRQHandler                        0x0000031b   Thumb Code     0  startup_lpc17xx.o(.text)
    TIMER3_IRQHandler                        0x0000031b   Thumb Code     0  startup_lpc17xx.o(.text)
    UART0_IRQHandler                         0x0000031b   Thumb Code     0  startup_lpc17xx.o(.text)
    UART1_IRQHandler                         0x0000031b   Thumb Code     0  startup_lpc17xx.o(.text)
    UART2_IRQHandler                         0x0000031b   Thumb Code     0  startup_lpc17xx.o(.text)
    UART3_IRQHandler                         0x0000031b   Thumb Code     0  startup_lpc17xx.o(.text)
    USBActivity_IRQHandler                   0x0000031b   Thumb Code     0  startup_lpc17xx.o(.text)
    WDT_IRQHandler                           0x0000031b   Thumb Code     0  startup_lpc17xx.o(.text)
    __user_initial_stackheap                 0x0000031d   Thumb Code     0  startup_lpc17xx.o(.text)
    srand                                    0x0000033d   Thumb Code    42  rand.o(.text)
    _rand_init                               0x00000367   Thumb Code     4  rand.o(.text)
    exit                                     0x00000379   Thumb Code    18  exit.o(.text)
    __use_two_region_memory                  0x0000038b   Thumb Code     2  heapauxi.o(.text)
    __rt_heap_escrow$2region                 0x0000038d   Thumb Code     2  heapauxi.o(.text)
    __rt_heap_expand$2region                 0x0000038f   Thumb Code     2  heapauxi.o(.text)
    _sys_exit                                0x00000391   Thumb Code     8  sys_exit.o(.text)
    __user_setup_stackheap                   0x0000039d   Thumb Code    74  sys_stackheap_outer.o(.text)
    __I$use$semihosting                      0x000003e7   Thumb Code     0  use_no_semi.o(.text)
    __use_no_semihosting_swi                 0x000003e7   Thumb Code     2  use_no_semi.o(.text)
    SVC_Count                                0x000003e8   Data           4  svc_table.o(SVC_TABLE)
    __semihosting_library_function           0x000003e9   Thumb Code     0  indicate_semi.o(.text)
    ADC_EP_GetRequest                        0x000003ed   Thumb Code     4  adcuser.o(i.ADC_EP_GetRequest)
    SVC_Table                                0x000003ec   Data           0  svc_table.o(SVC_TABLE)
    ADC_EP_SetRequest                        0x000003f1   Thumb Code     4  adcuser.o(i.ADC_EP_SetRequest)
    ADC_IF_GetRequest                        0x000003f5   Thumb Code   128  adcuser.o(i.ADC_IF_GetRequest)
    __RL_RTX_VER                             0x00000482   Number         0  rt_system.o ABSOLUTE
    ADC_IF_SetRequest                        0x00000485   Thumb Code    80  adcuser.o(i.ADC_IF_SetRequest)
    EPAdr                                    0x000004e5   Thumb Code    16  usbhw.o(i.EPAdr)
    GLCD_Clear                               0x000004f5   Thumb Code    42  glcd_spi_lpc1700.o(i.GLCD_Clear)
    GLCD_DisplayChar                         0x00000521   Thumb Code    84  glcd_spi_lpc1700.o(i.GLCD_DisplayChar)
    GLCD_DisplayString                       0x0000057d   Thumb Code    40  glcd_spi_lpc1700.o(i.GLCD_DisplayString)
    GLCD_DrawChar                            0x000005a5   Thumb Code   150  glcd_spi_lpc1700.o(i.GLCD_DrawChar)
    GLCD_Init                                0x00000641   Thumb Code  1506  glcd_spi_lpc1700.o(i.GLCD_Init)
    GLCD_SetBackColor                        0x00000c29   Thumb Code     6  glcd_spi_lpc1700.o(i.GLCD_SetBackColor)
    GLCD_SetTextColor                        0x00000c35   Thumb Code     6  glcd_spi_lpc1700.o(i.GLCD_SetTextColor)
    GLCD_SetWindow                           0x00000c41   Thumb Code   168  glcd_spi_lpc1700.o(i.GLCD_SetWindow)
    GLCD_WindowMax                           0x00000ced   Thumb Code    18  glcd_spi_lpc1700.o(i.GLCD_WindowMax)
    KBD_Init                                 0x00000d01   Thumb Code    42  kbd.o(i.KBD_Init)
    KBD_get                                  0x00000d3d   Thumb Code    12  kbd.o(i.KBD_get)
    RdCmdDat                                 0x00000d4d   Thumb Code    38  usbhw.o(i.RdCmdDat)
    SystemClockUpdate                        0x00000d7d   Thumb Code   302  system_lpc17xx.o(i.SystemClockUpdate)
    SystemInit                               0x00000ebd   Thumb Code   302  system_lpc17xx.o(i.SystemInit)
    TIMER0_IRQHandler                        0x00000ffd   Thumb Code   226  usbdmain.o(i.TIMER0_IRQHandler)
    USB_ClrStallEP                           0x0000110d   Thumb Code    26  usbhw.o(i.USB_ClrStallEP)
    USB_ConfigEP                             0x0000112d   Thumb Code    68  usbhw.o(i.USB_ConfigEP)
    USB_Configure                            0x00001179   Thumb Code    60  usbhw.o(i.USB_Configure)
    USB_Connect                              0x000011bd   Thumb Code    28  usbhw.o(i.USB_Connect)
    USB_DMA_BufAdr                           0x000011dd   Thumb Code    30  usbhw.o(i.USB_DMA_BufAdr)
    USB_DMA_Enable                           0x00001201   Thumb Code    20  usbhw.o(i.USB_DMA_Enable)
    USB_DMA_Setup                            0x00001219   Thumb Code   248  usbhw.o(i.USB_DMA_Setup)
    USB_DataInStage                          0x00001325   Thumb Code    52  usbcore.o(i.USB_DataInStage)
    USB_DataOutStage                         0x0000135d   Thumb Code    34  usbcore.o(i.USB_DataOutStage)
    USB_DirCtrlEP                            0x00001385   Thumb Code     2  usbhw.o(i.USB_DirCtrlEP)
    USB_DisableEP                            0x00001389   Thumb Code    26  usbhw.o(i.USB_DisableEP)
    USB_EnableEP                             0x000013ad   Thumb Code    26  usbhw.o(i.USB_EnableEP)
    USB_EndPoint0                            0x000013cd   Thumb Code   786  usbcore.o(i.USB_EndPoint0)
    USB_EndPoint3                            0x000016fd   Thumb Code   164  usbuser.o(i.USB_EndPoint3)
    USB_IRQHandler                           0x000017b5   Thumb Code   518  usbhw.o(i.USB_IRQHandler)
    USB_Init                                 0x000019d1   Thumb Code   122  usbhw.o(i.USB_Init)
    USB_ReadEP                               0x00001a61   Thumb Code    94  usbhw.o(i.USB_ReadEP)
    USB_ReqGetDescriptor                     0x00001acd   Thumb Code   164  usbcore.o(i.USB_ReqGetDescriptor)
    USB_ReqGetStatus                         0x00001b85   Thumb Code   160  usbcore.o(i.USB_ReqGetStatus)
    USB_ReqSetClrFeature                     0x00001c45   Thumb Code   210  usbcore.o(i.USB_ReqSetClrFeature)
    USB_ReqSetConfiguration                  0x00001d31   Thumb Code   402  usbcore.o(i.USB_ReqSetConfiguration)
    USB_ReqSetInterface                      0x00001ee9   Thumb Code   278  usbcore.o(i.USB_ReqSetInterface)
    USB_Reset                                0x00002019   Thumb Code   152  usbhw.o(i.USB_Reset)
    USB_ResetCore                            0x000020c9   Thumb Code    34  usbcore.o(i.USB_ResetCore)
    USB_ResetEP                              0x00002105   Thumb Code    26  usbhw.o(i.USB_ResetEP)
    USB_Reset_Event                          0x00002125   Thumb Code     8  usbuser.o(i.USB_Reset_Event)
    USB_Resume                               0x0000212d   Thumb Code     2  usbhw.o(i.USB_Resume)
    USB_SOF_Event                            0x0000212f   Thumb Code     2  usbuser.o(i.USB_SOF_Event)
    USB_SetAddress                           0x00002131   Thumb Code    42  usbhw.o(i.USB_SetAddress)
    USB_SetStallEP                           0x00002161   Thumb Code    26  usbhw.o(i.USB_SetStallEP)
    USB_SetupStage                           0x00002185   Thumb Code    12  usbcore.o(i.USB_SetupStage)
    USB_StatusInStage                        0x00002195   Thumb Code    14  usbcore.o(i.USB_StatusInStage)
    USB_StatusOutStage                       0x000021a5   Thumb Code    12  usbcore.o(i.USB_StatusOutStage)
    USB_Suspend                              0x000021b5   Thumb Code     2  usbhw.o(i.USB_Suspend)
    USB_WakeUpCfg                            0x000021b7   Thumb Code     2  usbhw.o(i.USB_WakeUpCfg)
    USB_WriteEP                              0x000021b9   Thumb Code    70  usbhw.o(i.USB_WriteEP)
    WrCmd                                    0x0000220d   Thumb Code    30  usbhw.o(i.WrCmd)
    WrCmdDat                                 0x00002235   Thumb Code    58  usbhw.o(i.WrCmdDat)
    WrCmdEP                                  0x00002279   Thumb Code    78  usbhw.o(i.WrCmdEP)
    _init_box                                0x000022d1   Thumb Code    70  rt_membox.o(i._init_box)
    _mutex_acquire                           0x00002319   Thumb Code    22  rtx_conf_cm.o(i._mutex_acquire)
    _mutex_release                           0x00002339   Thumb Code    18  rtx_conf_cm.o(i._mutex_release)
    checkWin                                 0x00002355   Thumb Code    50  pong.o(i.checkWin)
    dbg_init                                 0x0000238d   Thumb Code    34  hal_cm.o(i.dbg_init)
    dbg_task_notify                          0x000023bd   Thumb Code    32  hal_cm.o(i.dbg_task_notify)
    dbg_task_switch                          0x000023dd   Thumb Code    16  hal_cm.o(i.dbg_task_switch)
    displayGameMenu                          0x000023fd   Thumb Code   164  game_menu.o(i.displayGameMenu)
    displayMainMenu                          0x000024f1   Thumb Code   164  main.o(i.displayMainMenu)
    drawBall                                 0x000025e5   Thumb Code    26  pong.o(i.drawBall)
    drawBricks                               0x00002609   Thumb Code   110  pong.o(i.drawBricks)
    drawGame                                 0x00002681   Thumb Code    24  pong.o(i.drawGame)
    drawPaddle                               0x00002699   Thumb Code    38  pong.o(i.drawPaddle)
    drawSnakeGame                            0x000026c9   Thumb Code     2  snake.o(i.drawSnakeGame)
    get_button                               0x000026cb   Thumb Code    20  kbd.o(i.get_button)
    get_potval                               0x000026e1   Thumb Code    58  usbdmain.o(i.get_potval)
    handleGameSelection                      0x00002725   Thumb Code    58  game_menu.o(i.handleGameSelection)
    handleSelection                          0x00002761   Thumb Code   100  main.o(i.handleSelection)
    initBricks                               0x000027f5   Thumb Code    88  pong.o(i.initBricks)
    isrMessageGet                            0x00002851   Thumb Code    42  rt_cmsis.o(i.isrMessageGet)
    isrMessagePut                            0x0000287b   Thumb Code    44  rt_cmsis.o(i.isrMessagePut)
    isr_mbx_receive                          0x000028a9   Thumb Code    86  rt_mailbox.o(i.isr_mbx_receive)
    isr_mbx_send                             0x000028ff   Thumb Code    14  rt_mailbox.o(i.isr_mbx_send)
    launchGameMenu                           0x0000290d   Thumb Code    98  game_menu.o(i.launchGameMenu)
    logicSnakeGame                           0x00002971   Thumb Code   374  snake.o(i.logicSnakeGame)
    main                                     0x00002b11   Thumb Code    96  main.o(i.main)
    moveBall                                 0x00002b71   Thumb Code   318  pong.o(i.moveBall)
    movePaddle                               0x00002cbd   Thumb Code    56  pong.o(i.movePaddle)
    osKernelInitialize                       0x00002cf9   Thumb Code    30  rt_cmsis.o(i.osKernelInitialize)
    osKernelStart                            0x00002d1d   Thumb Code    98  rt_cmsis.o(i.osKernelStart)
    osMessageGet                             0x00002d89   Thumb Code    18  rt_cmsis.o(i.osMessageGet)
    osThreadCreate                           0x00002da1   Thumb Code    36  rt_cmsis.o(i.osThreadCreate)
    osThreadExit                             0x00002dcd   Thumb Code    14  rt_cmsis.o(i.osThreadExit)
    osTimerCall                              0x00002de5   Thumb Code     8  rt_cmsis.o(i.osTimerCall)
    osTimerThread                            0x00002df1   Thumb Code    38  rt_cmsis.o(i.osTimerThread)
    os_error                                 0x00002e1d   Thumb Code    34  rtx_conf_cm.o(i.os_error)
    os_idle_demon                            0x00002e3f   Thumb Code     4  rtx_conf_cm.o(i.os_idle_demon)
    os_tick_init                             0x00002e45   Thumb Code    32  rt_system.o(i.os_tick_init)
    os_tick_irqack                           0x00002e6d   Thumb Code     2  rt_system.o(i.os_tick_irqack)
    rt_alloc_box                             0x00002f45   Thumb Code    26  rt_membox.o(i.rt_alloc_box)
    rt_alloc_mem                             0x00002f5f   Thumb Code    62  rt_memory.o(i.rt_alloc_mem)
    rt_block                                 0x00002f9d   Thumb Code    48  rt_task.o(i.rt_block)
    rt_chk_robin                             0x00002fd5   Thumb Code    60  rt_robin.o(i.rt_chk_robin)
    rt_dec_dly                               0x0000301d   Thumb Code   102  rt_list.o(i.rt_dec_dly)
    rt_dispatch                              0x0000308d   Thumb Code    60  rt_task.o(i.rt_dispatch)
    rt_evt_psh                               0x000030d1   Thumb Code    76  rt_event.o(i.rt_evt_psh)
    rt_free_box                              0x00003121   Thumb Code    44  rt_membox.o(i.rt_free_box)
    rt_free_mem                              0x0000314d   Thumb Code    40  rt_memory.o(i.rt_free_mem)
    rt_get_first                             0x00003175   Thumb Code    40  rt_list.o(i.rt_get_first)
    rt_init_mem                              0x000031ed   Thumb Code    26  rt_memory.o(i.rt_init_mem)
    rt_init_robin                            0x00003209   Thumb Code    14  rt_robin.o(i.rt_init_robin)
    rt_init_stack                            0x00003221   Thumb Code   118  hal_cm.o(i.rt_init_stack)
    rt_mbx_check                             0x000032a1   Thumb Code     8  rt_mailbox.o(i.rt_mbx_check)
    rt_mbx_init                              0x000032a9   Thumb Code    26  rt_mailbox.o(i.rt_mbx_init)
    rt_mbx_psh                               0x000032c5   Thumb Code   236  rt_mailbox.o(i.rt_mbx_psh)
    rt_mbx_wait                              0x000033b5   Thumb Code   174  rt_mailbox.o(i.rt_mbx_wait)
    rt_mut_release                           0x000034ad   Thumb Code   208  rt_mutex.o(i.rt_mut_release)
    rt_mut_wait                              0x00003585   Thumb Code   114  rt_mutex.o(i.rt_mut_wait)
    rt_pop_req                               0x000035fd   Thumb Code   112  rt_system.o(i.rt_pop_req)
    rt_psh_req                               0x00003679   Thumb Code    22  rt_system.o(i.rt_psh_req)
    rt_psq_enq                               0x00003699   Thumb Code    88  rt_list.o(i.rt_psq_enq)
    rt_put_dly                               0x000036f5   Thumb Code    68  rt_list.o(i.rt_put_dly)
    rt_put_prio                              0x0000373d   Thumb Code    54  rt_list.o(i.rt_put_prio)
    rt_put_rdy_first                         0x00003775   Thumb Code    14  rt_list.o(i.rt_put_rdy_first)
    rt_resort_prio                           0x00003789   Thumb Code    46  rt_list.o(i.rt_resort_prio)
    rt_ret_val                               0x000037bd   Thumb Code     6  hal_cm.o(i.rt_ret_val)
    rt_ret_val2                              0x000037c3   Thumb Code     8  hal_cm.o(i.rt_ret_val2)
    rt_rmv_dly                               0x000037cb   Thumb Code    40  rt_list.o(i.rt_rmv_dly)
    rt_rmv_list                              0x000037f5   Thumb Code    44  rt_list.o(i.rt_rmv_list)
    rt_sem_psh                               0x00003825   Thumb Code    48  rt_semaphore.o(i.rt_sem_psh)
    rt_stk_check                             0x00003859   Thumb Code    28  rt_system.o(i.rt_stk_check)
    rt_switch_req                            0x0000387d   Thumb Code    30  rt_task.o(i.rt_switch_req)
    rt_sys_init                              0x000038a5   Thumb Code   138  rt_task.o(i.rt_sys_init)
    rt_sys_start                             0x00003971   Thumb Code   110  rt_task.o(i.rt_sys_start)
    rt_systick                               0x000039e9   Thumb Code    50  rt_system.o(i.rt_systick)
    rt_tsk_create                            0x00003a71   Thumb Code   118  rt_task.o(i.rt_tsk_create)
    rt_tsk_delete                            0x00003af9   Thumb Code   352  rt_task.o(i.rt_tsk_delete)
    rt_tsk_prio                              0x00003c75   Thumb Code   108  rt_task.o(i.rt_tsk_prio)
    rt_tsk_self                              0x00003cf1   Thumb Code    12  rt_task.o(i.rt_tsk_self)
    setupSnakeGame                           0x00003d01   Thumb Code   108  snake.o(i.setupSnakeGame)
    startPongGame                            0x00003e1d   Thumb Code   140  pong.o(i.startPongGame)
    startSnakeGame                           0x00003ee9   Thumb Code    26  snake.o(i.startSnakeGame)
    svcKernelInitialize                      0x00003f09   Thumb Code    80  rt_cmsis.o(i.svcKernelInitialize)
    svcKernelStart                           0x00003f79   Thumb Code    62  rt_cmsis.o(i.svcKernelStart)
    svcMessageCreate                         0x00003fc1   Thumb Code    36  rt_cmsis.o(i.svcMessageCreate)
    svcMessageGet                            0x00003fe5   Thumb Code    58  rt_cmsis.o(i.svcMessageGet)
    svcThreadCreate                          0x00004021   Thumb Code    96  rt_cmsis.o(i.svcThreadCreate)
    svcThreadGetId                           0x0000408d   Thumb Code    22  rt_cmsis.o(i.svcThreadGetId)
    svcThreadTerminate                       0x000040a9   Thumb Code    50  rt_cmsis.o(i.svcThreadTerminate)
    svcTimerCall                             0x000040e1   Thumb Code    24  rt_cmsis.o(i.svcTimerCall)
    sysTimerTick                             0x000040f9   Thumb Code    84  rt_cmsis.o(i.sysTimerTick)
    usbmain                                  0x00004155   Thumb Code   186  usbdmain.o(i.usbmain)
    USB_DeviceDescriptor                     0x000042c0   Data          18  usbdesc.o(.constdata)
    USB_ConfigDescriptor                     0x000042d2   Data         110  usbdesc.o(.constdata)
    USB_StringDescriptor                     0x00004340   Data         100  usbdesc.o(.constdata)
    DDAdr                                    0x000043a4   Data           8  usbhw.o(.constdata)
    DDSz                                     0x000043ac   Data           8  usbhw.o(.constdata)
    USB_P_EP                                 0x000043b4   Data          64  usbuser.o(.constdata)
    Font_6x8_h                               0x000043f4   Data         896  glcd_spi_lpc1700.o(.constdata)
    Font_16x24_h                             0x00004774   Data        5376  glcd_spi_lpc1700.o(.constdata)
    os_maxtaskrun                            0x00005c74   Data           2  rtx_conf_cm.o(.constdata)
    os_stackinfo                             0x00005c78   Data           4  rtx_conf_cm.o(.constdata)
    os_rrobin                                0x00005c7c   Data           4  rtx_conf_cm.o(.constdata)
    os_tickfreq                              0x00005c80   Data           4  rtx_conf_cm.o(.constdata)
    os_tickus_i                              0x00005c84   Data           2  rtx_conf_cm.o(.constdata)
    os_tickus_f                              0x00005c86   Data           2  rtx_conf_cm.o(.constdata)
    os_trv                                   0x00005c88   Data           4  rtx_conf_cm.o(.constdata)
    os_flags                                 0x00005c8c   Data           1  rtx_conf_cm.o(.constdata)
    CMSIS_RTOS_API_Version                   0x00005c90   Data           4  rtx_conf_cm.o(.constdata)
    CMSIS_RTOS_RTX_Version                   0x00005c94   Data           4  rtx_conf_cm.o(.constdata)
    os_clockrate                             0x00005c98   Data           4  rtx_conf_cm.o(.constdata)
    os_timernum                              0x00005c9c   Data           4  rtx_conf_cm.o(.constdata)
    mp_tcb_size                              0x00005ca0   Data           2  rtx_conf_cm.o(.constdata)
    mp_stk_size                              0x00005ca4   Data           4  rtx_conf_cm.o(.constdata)
    os_stack_sz                              0x00005ca8   Data           4  rtx_conf_cm.o(.constdata)
    os_fifo_size                             0x00005cac   Data           1  rtx_conf_cm.o(.constdata)
    os_thread_def_osTimerThread              0x00005cb0   Data          16  rtx_conf_cm.o(.constdata)
    os_messageQ_def_osTimerMessageQ          0x00005cc0   Data           8  rtx_conf_cm.o(.constdata)
    mp_tmr_size                              0x00005cc8   Data           2  rtx_conf_cm.o(.constdata)
    os_thread_def_main                       0x00005ccc   Data          16  rtx_conf_cm.o(.constdata)
    Region$$Table$$Base                      0x00005cdc   Number         0  anon$$obj.o(Region$$Table)
    Region$$Table$$Limit                     0x00005cfc   Number         0  anon$$obj.o(Region$$Table)
    VolCur                                   0x10000000   Data           2  adcuser.o(.data)
    USB_DeviceStatus                         0x10000004   Data           2  usbcore.o(.data)
    USB_DeviceAddress                        0x10000006   Data           1  usbcore.o(.data)
    USB_Configuration                        0x10000007   Data           1  usbcore.o(.data)
    USB_EndPointMask                         0x10000008   Data           4  usbcore.o(.data)
    USB_EndPointHalt                         0x1000000c   Data           4  usbcore.o(.data)
    USB_EndPointStall                        0x10000010   Data           4  usbcore.o(.data)
    USB_NumInterfaces                        0x10000014   Data           1  usbcore.o(.data)
    USB_AltSetting                           0x10000015   Data           4  usbcore.o(.data)
    EP0Data                                  0x1000001c   Data           8  usbcore.o(.data)
    SetupPacket                              0x10000024   Data           8  usbcore.o(.data)
    Mute                                     0x1000002c   Data           1  usbdmain.o(.data)
    Volume                                   0x10000030   Data           4  usbdmain.o(.data)
    InfoBuf                                  0x10000034   Data           4  usbdmain.o(.data)
    DataBuf                                  0x10000038   Data           4  usbdmain.o(.data)
    DataOut                                  0x1000003c   Data           2  usbdmain.o(.data)
    DataIn                                   0x1000003e   Data           2  usbdmain.o(.data)
    DataRun                                  0x10000040   Data           1  usbdmain.o(.data)
    PotVal                                   0x10000042   Data           2  usbdmain.o(.data)
    VUM                                      0x10000044   Data           4  usbdmain.o(.data)
    Tick                                     0x10000048   Data           4  usbdmain.o(.data)
    DDMemMap                                 0x1000004c   Data           8  usbhw.o(.data)
    snakeLength                              0x1000005c   Data           4  snake.o(.data)
    score                                    0x10000060   Data           4  snake.o(.data)
    key                                      0x10000064   Data           4  snake.o(.data)
    gameover                                 0x10000068   Data           4  snake.o(.data)
    x                                        0x1000006c   Data           4  snake.o(.data)
    y                                        0x10000070   Data           4  snake.o(.data)
    fruitx                                   0x10000074   Data           4  snake.o(.data)
    fruity                                   0x10000078   Data           4  snake.o(.data)
    ball                                     0x1000007c   Data          16  pong.o(.data)
    paddle                                   0x1000008c   Data           8  pong.o(.data)
    SystemCoreClock                          0x10000094   Data           4  system_lpc17xx.o(.data)
    SystemFrequency                          0x10000098   Data           4  system_lpc17xx.o(.data)
    osThreadId_osTimerThread                 0x1000009c   Data           4  rtx_conf_cm.o(.data)
    osMessageQId_osTimerMessageQ             0x100000a0   Data           4  rtx_conf_cm.o(.data)
    os_tmr                                   0x100000a4   Data           4  rtx_conf_cm.o(.data)
    m_tmr                                    0x100000a8   Data           4  rtx_conf_cm.o(.data)
    os_initialized                           0x100000b0   Data           1  rt_cmsis.o(.data)
    os_running                               0x100000b1   Data           1  rt_cmsis.o(.data)
    os_timer_head                            0x100000b4   Data           4  rt_cmsis.o(.data)
    os_tsk                                   0x100000b8   Data           8  rt_task.o(.data)
    os_tick_irqn                             0x100000c4   Data           4  rt_system.o(.data)
    os_time                                  0x100000c8   Data           4  rt_time.o(.data)
    os_robin                                 0x100000cc   Data           8  rt_robin.o(.data)
    dbg_msg                                  0x100000d4   Data           1  hal_cm.o(.data)
    EP0Buf                                   0x100000d8   Data          64  usbcore.o(.bss)
    udca                                     0x10000118   Data         128  usbhw.o(.bss)
    snakeTailX                               0x10000198   Data         400  snake.o(.bss)
    snakeTailY                               0x10000328   Data         400  snake.o(.bss)
    bricks                                   0x100004b8   Data         360  pong.o(.bss)
    mp_tcb                                   0x10000620   Data         376  rtx_conf_cm.o(.bss)
    mp_stk                                   0x10000798   Data        1216  rtx_conf_cm.o(.bss)
    os_stack_mem                             0x10000c58   Data         432  rtx_conf_cm.o(.bss)
    os_fifo                                  0x10000e08   Data         132  rtx_conf_cm.o(.bss)
    os_active_TCB                            0x10000e8c   Data          28  rtx_conf_cm.o(.bss)
    os_messageQ_q_osTimerMessageQ            0x10000ea8   Data          32  rtx_conf_cm.o(.bss)
    os_idle_TCB                              0x100011e8   Data          52  rt_task.o(.bss)
    os_rdy                                   0x1000121c   Data          24  rt_list.o(.bss)
    os_dly                                   0x10001234   Data          24  rt_list.o(.bss)
    __libspace_start                         0x1000124c   Data          96  libspace.o(.bss)
    __temporary_stack_top$libspace           0x100012ac   Data           0  libspace.o(.bss)
    _random_number_data                      0x100012ac   Data         228  rand.o(.bss)
    UDCA                                     0x10001590   Data         128  usbhw.o(USB_RAM)
    DD_NISO_Mem                              0x10001610   Data         256  usbhw.o(USB_RAM)
    DD_ISO_Mem                               0x10001710   Data         160  usbhw.o(USB_RAM)



==============================================================================

Memory Map of the image

  Image Entry point : 0x00000301

  Load Region LR_1 (Base: 0x00000000, Size: 0x00005dd4, Max: 0xffffffff, ABSOLUTE)

    Execution Region ER_RO (Exec base: 0x00000000, Load base: 0x00000000, Size: 0x00005cfc, Max: 0xffffffff, ABSOLUTE)

    Exec Addr    Load Addr    Size         Type   Attr      Idx    E Section Name        Object

    0x00000000   0x00000000   0x000000cc   Data   RO         1005    RESET               startup_lpc17xx.o
    0x000000cc   0x000000cc   0x00000008   Code   RO         2331  * !!!main             c_w.l(__main.o)
    0x000000d4   0x000000d4   0x00000034   Code   RO         2492    !!!scatter          c_w.l(__scatter.o)
    0x00000108   0x00000108   0x0000001a   Code   RO         2494    !!handler_copy      c_w.l(__scatter_copy.o)
    0x00000122   0x00000122   0x00000002   PAD
    0x00000124   0x00000124   0x0000001c   Code   RO         2496    !!handler_zi        c_w.l(__scatter_zi.o)
    0x00000140   0x00000140   0x00000002   Code   RO         2431    .ARM.Collect$$libinit$$00000000  c_w.l(libinit.o)
    0x00000142   0x00000142   0x00000000   Code   RO         2341    .ARM.Collect$$libinit$$00000002  c_w.l(libinit2.o)
    0x00000142   0x00000142   0x00000000   Code   RO         2343    .ARM.Collect$$libinit$$00000004  c_w.l(libinit2.o)
    0x00000142   0x00000142   0x00000000   Code   RO         2346    .ARM.Collect$$libinit$$0000000A  c_w.l(libinit2.o)
    0x00000142   0x00000142   0x00000000   Code   RO         2348    .ARM.Collect$$libinit$$0000000C  c_w.l(libinit2.o)
    0x00000142   0x00000142   0x00000004   Code   RO         2349    .ARM.Collect$$libinit$$0000000D  c_w.l(libinit2.o)
    0x00000146   0x00000146   0x00000000   Code   RO         2350    .ARM.Collect$$libinit$$0000000E  c_w.l(libinit2.o)
    0x00000146   0x00000146   0x00000000   Code   RO         2353    .ARM.Collect$$libinit$$00000011  c_w.l(libinit2.o)
    0x00000146   0x00000146   0x00000000   Code   RO         2355    .ARM.Collect$$libinit$$00000013  c_w.l(libinit2.o)
    0x00000146   0x00000146   0x00000000   Code   RO         2357    .ARM.Collect$$libinit$$00000015  c_w.l(libinit2.o)
    0x00000146   0x00000146   0x00000000   Code   RO         2359    .ARM.Collect$$libinit$$00000017  c_w.l(libinit2.o)
    0x00000146   0x00000146   0x00000000   Code   RO         2361    .ARM.Collect$$libinit$$00000019  c_w.l(libinit2.o)
    0x00000146   0x00000146   0x00000000   Code   RO         2363    .ARM.Collect$$libinit$$0000001B  c_w.l(libinit2.o)
    0x00000146   0x00000146   0x00000000   Code   RO         2365    .ARM.Collect$$libinit$$0000001D  c_w.l(libinit2.o)
    0x00000146   0x00000146   0x00000000   Code   RO         2367    .ARM.Collect$$libinit$$0000001F  c_w.l(libinit2.o)
    0x00000146   0x00000146   0x00000000   Code   RO         2369    .ARM.Collect$$libinit$$00000021  c_w.l(libinit2.o)
    0x00000146   0x00000146   0x00000000   Code   RO         2371    .ARM.Collect$$libinit$$00000023  c_w.l(libinit2.o)
    0x00000146   0x00000146   0x00000000   Code   RO         2373    .ARM.Collect$$libinit$$00000025  c_w.l(libinit2.o)
    0x00000146   0x00000146   0x00000000   Code   RO         2377    .ARM.Collect$$libinit$$0000002C  c_w.l(libinit2.o)
    0x00000146   0x00000146   0x00000000   Code   RO         2379    .ARM.Collect$$libinit$$0000002E  c_w.l(libinit2.o)
    0x00000146   0x00000146   0x00000000   Code   RO         2381    .ARM.Collect$$libinit$$00000030  c_w.l(libinit2.o)
    0x00000146   0x00000146   0x00000000   Code   RO         2383    .ARM.Collect$$libinit$$00000032  c_w.l(libinit2.o)
    0x00000146   0x00000146   0x00000002   Code   RO         2384    .ARM.Collect$$libinit$$00000033  c_w.l(libinit2.o)
    0x00000148   0x00000148   0x00000002   Code   RO         2432    .ARM.Collect$$libshutdown$$00000000  c_w.l(libshutdown.o)
    0x0000014a   0x0000014a   0x00000000   Code   RO         2451    .ARM.Collect$$libshutdown$$00000002  c_w.l(libshutdown2.o)
    0x0000014a   0x0000014a   0x00000000   Code   RO         2453    .ARM.Collect$$libshutdown$$00000004  c_w.l(libshutdown2.o)
    0x0000014a   0x0000014a   0x00000000   Code   RO         2456    .ARM.Collect$$libshutdown$$00000007  c_w.l(libshutdown2.o)
    0x0000014a   0x0000014a   0x00000000   Code   RO         2459    .ARM.Collect$$libshutdown$$0000000A  c_w.l(libshutdown2.o)
    0x0000014a   0x0000014a   0x00000000   Code   RO         2461    .ARM.Collect$$libshutdown$$0000000C  c_w.l(libshutdown2.o)
    0x0000014a   0x0000014a   0x00000000   Code   RO         2464    .ARM.Collect$$libshutdown$$0000000F  c_w.l(libshutdown2.o)
    0x0000014a   0x0000014a   0x00000002   Code   RO         2465    .ARM.Collect$$libshutdown$$00000010  c_w.l(libshutdown2.o)
    0x0000014c   0x0000014c   0x00000000   Code   RO         2333    .ARM.Collect$$rtentry$$00000000  c_w.l(__rtentry.o)
    0x0000014c   0x0000014c   0x00000000   Code   RO         2386    .ARM.Collect$$rtentry$$00000002  c_w.l(__rtentry2.o)
    0x0000014c   0x0000014c   0x00000006   Code   RO         2398    .ARM.Collect$$rtentry$$00000004  c_w.l(__rtentry4.o)
    0x00000152   0x00000152   0x00000000   Code   RO         2388    .ARM.Collect$$rtentry$$00000009  c_w.l(__rtentry2.o)
    0x00000152   0x00000152   0x00000004   Code   RO         2389    .ARM.Collect$$rtentry$$0000000A  c_w.l(__rtentry2.o)
    0x00000156   0x00000156   0x00000008   Code   RO         2390    .ARM.Collect$$rtentry$$0000000B  c_w.l(__rtentry2.o)
    0x0000015e   0x0000015e   0x00000008   Code   RO         2392    .ARM.Collect$$rtentry$$0000000D  c_w.l(__rtentry2.o)
    0x00000166   0x00000166   0x00000002   Code   RO         2334    .ARM.Collect$$rtexit$$00000000  c_w.l(rtexit.o)
    0x00000168   0x00000168   0x00000000   Code   RO         2401    .ARM.Collect$$rtexit$$00000002  c_w.l(rtexit2.o)
    0x00000168   0x00000168   0x00000004   Code   RO         2402    .ARM.Collect$$rtexit$$00000003  c_w.l(rtexit2.o)
    0x0000016c   0x0000016c   0x00000006   Code   RO         2403    .ARM.Collect$$rtexit$$00000004  c_w.l(rtexit2.o)
    0x00000172   0x00000172   0x00000002   PAD
    0x00000174   0x00000174   0x0000001c   Code   RO         1043    .emb_text           rtx_conf_cm.o
    0x00000190   0x00000190   0x00000130   Code   RO         2302    .emb_text           RTX_CM3.lib(hal_cm3.o)
    0x000002c0   0x000002c0   0x00000034   Code   RO         2322    .emb_text           c_w.l(rand.o)
    0x000002f4   0x000002f4   0x00000008   Code   RO         2317    .text               c_w.l(libspace.o)
    0x000002fc   0x000002fc   0x00000004   Code   RO         1006    .ARM.__at_0x02FC    startup_lpc17xx.o
    0x00000300   0x00000300   0x0000003c   Code   RO         1007  * .text               startup_lpc17xx.o
    0x0000033c   0x0000033c   0x0000003c   Code   RO         2323    .text               c_w.l(rand.o)
    0x00000378   0x00000378   0x00000012   Code   RO         2327    .text               c_w.l(exit.o)
    0x0000038a   0x0000038a   0x00000006   Code   RO         2329    .text               c_w.l(heapauxi.o)
    0x00000390   0x00000390   0x0000000c   Code   RO         2413    .text               c_w.l(sys_exit.o)
    0x0000039c   0x0000039c   0x0000004a   Code   RO         2415    .text               c_w.l(sys_stackheap_outer.o)
    0x000003e6   0x000003e6   0x00000002   Code   RO         2435    .text               c_w.l(use_no_semi.o)
    0x000003e8   0x000003e8   0x00000000   Code   RO         2437    .text               c_w.l(indicate_semi.o)
    0x000003e8   0x000003e8   0x00000004   Code   RO         2312    SVC_TABLE           RTX_CM3.lib(svc_table.o)
    0x000003ec   0x000003ec   0x00000004   Code   RO           50    i.ADC_EP_GetRequest  adcuser.o
    0x000003f0   0x000003f0   0x00000004   Code   RO           51    i.ADC_EP_SetRequest  adcuser.o
    0x000003f4   0x000003f4   0x00000090   Code   RO           52    i.ADC_IF_GetRequest  adcuser.o
    0x00000484   0x00000484   0x00000060   Code   RO           53    i.ADC_IF_SetRequest  adcuser.o
    0x000004e4   0x000004e4   0x00000010   Code   RO          265    i.EPAdr             usbhw.o
    0x000004f4   0x000004f4   0x0000002a   Code   RO          650    i.GLCD_Clear        glcd_spi_lpc1700.o
    0x0000051e   0x0000051e   0x00000002   PAD
    0x00000520   0x00000520   0x0000005c   Code   RO          652    i.GLCD_DisplayChar  glcd_spi_lpc1700.o
    0x0000057c   0x0000057c   0x00000028   Code   RO          653    i.GLCD_DisplayString  glcd_spi_lpc1700.o
    0x000005a4   0x000005a4   0x0000009c   Code   RO          654    i.GLCD_DrawChar     glcd_spi_lpc1700.o
    0x00000640   0x00000640   0x000005e8   Code   RO          655    i.GLCD_Init         glcd_spi_lpc1700.o
    0x00000c28   0x00000c28   0x0000000c   Code   RO          658    i.GLCD_SetBackColor  glcd_spi_lpc1700.o
    0x00000c34   0x00000c34   0x0000000c   Code   RO          659    i.GLCD_SetTextColor  glcd_spi_lpc1700.o
    0x00000c40   0x00000c40   0x000000ac   Code   RO          660    i.GLCD_SetWindow    glcd_spi_lpc1700.o
    0x00000cec   0x00000cec   0x00000012   Code   RO          661    i.GLCD_WindowMax    glcd_spi_lpc1700.o
    0x00000cfe   0x00000cfe   0x00000002   PAD
    0x00000d00   0x00000d00   0x0000003c   Code   RO          592    i.KBD_Init          kbd.o
    0x00000d3c   0x00000d3c   0x00000010   Code   RO          593    i.KBD_get           kbd.o
    0x00000d4c   0x00000d4c   0x00000030   Code   RO          266    i.RdCmdDat          usbhw.o
    0x00000d7c   0x00000d7c   0x00000140   Code   RO         1013    i.SystemClockUpdate  system_lpc17xx.o
    0x00000ebc   0x00000ebc   0x00000140   Code   RO         1015    i.SystemInit        system_lpc17xx.o
    0x00000ffc   0x00000ffc   0x00000110   Code   RO          224    i.TIMER0_IRQHandler  usbdmain.o
    0x0000110c   0x0000110c   0x00000020   Code   RO          268    i.USB_ClrStallEP    usbhw.o
    0x0000112c   0x0000112c   0x0000004c   Code   RO          269    i.USB_ConfigEP      usbhw.o
    0x00001178   0x00001178   0x00000044   Code   RO          270    i.USB_Configure     usbhw.o
    0x000011bc   0x000011bc   0x00000020   Code   RO          271    i.USB_Connect       usbhw.o
    0x000011dc   0x000011dc   0x00000024   Code   RO          272    i.USB_DMA_BufAdr    usbhw.o
    0x00001200   0x00001200   0x00000018   Code   RO          275    i.USB_DMA_Enable    usbhw.o
    0x00001218   0x00001218   0x0000010c   Code   RO          276    i.USB_DMA_Setup     usbhw.o
    0x00001324   0x00001324   0x00000038   Code   RO          107    i.USB_DataInStage   usbcore.o
    0x0000135c   0x0000135c   0x00000028   Code   RO          108    i.USB_DataOutStage  usbcore.o
    0x00001384   0x00001384   0x00000002   Code   RO          278    i.USB_DirCtrlEP     usbhw.o
    0x00001386   0x00001386   0x00000002   PAD
    0x00001388   0x00001388   0x00000024   Code   RO          279    i.USB_DisableEP     usbhw.o
    0x000013ac   0x000013ac   0x00000020   Code   RO          280    i.USB_EnableEP      usbhw.o
    0x000013cc   0x000013cc   0x00000330   Code   RO          109    i.USB_EndPoint0     usbcore.o
    0x000016fc   0x000016fc   0x000000b8   Code   RO          480    i.USB_EndPoint3     usbuser.o
    0x000017b4   0x000017b4   0x0000021c   Code   RO          282    i.USB_IRQHandler    usbhw.o
    0x000019d0   0x000019d0   0x00000090   Code   RO          283    i.USB_Init          usbhw.o
    0x00001a60   0x00001a60   0x0000006c   Code   RO          284    i.USB_ReadEP        usbhw.o
    0x00001acc   0x00001acc   0x000000b8   Code   RO          168    i.USB_ReqGetDescriptor  usbcore.o
    0x00001b84   0x00001b84   0x000000c0   Code   RO          156    i.USB_ReqGetStatus  usbcore.o
    0x00001c44   0x00001c44   0x000000ec   Code   RO          162    i.USB_ReqSetClrFeature  usbcore.o
    0x00001d30   0x00001d30   0x000001b8   Code   RO          174    i.USB_ReqSetConfiguration  usbcore.o
    0x00001ee8   0x00001ee8   0x00000130   Code   RO          180    i.USB_ReqSetInterface  usbcore.o
    0x00002018   0x00002018   0x000000b0   Code   RO          285    i.USB_Reset         usbhw.o
    0x000020c8   0x000020c8   0x0000003c   Code   RO          110    i.USB_ResetCore     usbcore.o
    0x00002104   0x00002104   0x00000020   Code   RO          286    i.USB_ResetEP       usbhw.o
    0x00002124   0x00002124   0x00000008   Code   RO          487    i.USB_Reset_Event   usbuser.o
    0x0000212c   0x0000212c   0x00000002   Code   RO          287    i.USB_Resume        usbhw.o
    0x0000212e   0x0000212e   0x00000002   Code   RO          488    i.USB_SOF_Event     usbuser.o
    0x00002130   0x00002130   0x00000030   Code   RO          288    i.USB_SetAddress    usbhw.o
    0x00002160   0x00002160   0x00000024   Code   RO          289    i.USB_SetStallEP    usbhw.o
    0x00002184   0x00002184   0x00000010   Code   RO          111    i.USB_SetupStage    usbcore.o
    0x00002194   0x00002194   0x0000000e   Code   RO          112    i.USB_StatusInStage  usbcore.o
    0x000021a2   0x000021a2   0x00000002   PAD
    0x000021a4   0x000021a4   0x00000010   Code   RO          113    i.USB_StatusOutStage  usbcore.o
    0x000021b4   0x000021b4   0x00000002   Code   RO          290    i.USB_Suspend       usbhw.o
    0x000021b6   0x000021b6   0x00000002   Code   RO          292    i.USB_WakeUpCfg     usbhw.o
    0x000021b8   0x000021b8   0x00000054   Code   RO          293    i.USB_WriteEP       usbhw.o
    0x0000220c   0x0000220c   0x00000028   Code   RO          294    i.WrCmd             usbhw.o
    0x00002234   0x00002234   0x00000044   Code   RO          295    i.WrCmdDat          usbhw.o
    0x00002278   0x00002278   0x00000058   Code   RO          296    i.WrCmdEP           usbhw.o
    0x000022d0   0x000022d0   0x00000046   Code   RO         2201    i._init_box         RTX_CM3.lib(rt_membox.o)
    0x00002316   0x00002316   0x00000002   PAD
    0x00002318   0x00002318   0x00000020   Code   RO         1045    i._mutex_acquire    rtx_conf_cm.o
    0x00002338   0x00002338   0x0000001c   Code   RO         1047    i._mutex_release    rtx_conf_cm.o
    0x00002354   0x00002354   0x00000038   Code   RO          929    i.checkWin          pong.o
    0x0000238c   0x0000238c   0x00000030   Code   RO         2254    i.dbg_init          RTX_CM3.lib(hal_cm.o)
    0x000023bc   0x000023bc   0x00000020   Code   RO         2255    i.dbg_task_notify   RTX_CM3.lib(hal_cm.o)
    0x000023dc   0x000023dc   0x00000010   Code   RO         2256    i.dbg_task_switch   RTX_CM3.lib(hal_cm.o)
    0x000023ec   0x000023ec   0x0000000e   Code   RO          664    i.delay             glcd_spi_lpc1700.o
    0x000023fa   0x000023fa   0x00000002   PAD
    0x000023fc   0x000023fc   0x000000f4   Code   RO          905    i.displayGameMenu   game_menu.o
    0x000024f0   0x000024f0   0x000000f4   Code   RO            1    i.displayMainMenu   main.o
    0x000025e4   0x000025e4   0x00000024   Code   RO          930    i.drawBall          pong.o
    0x00002608   0x00002608   0x00000078   Code   RO          931    i.drawBricks        pong.o
    0x00002680   0x00002680   0x00000018   Code   RO          932    i.drawGame          pong.o
    0x00002698   0x00002698   0x00000030   Code   RO          933    i.drawPaddle        pong.o
    0x000026c8   0x000026c8   0x00000002   Code   RO          867    i.drawSnakeGame     snake.o
    0x000026ca   0x000026ca   0x00000014   Code   RO          594    i.get_button        kbd.o
    0x000026de   0x000026de   0x00000002   PAD
    0x000026e0   0x000026e0   0x00000044   Code   RO          225    i.get_potval        usbdmain.o
    0x00002724   0x00002724   0x0000003a   Code   RO          906    i.handleGameSelection  game_menu.o
    0x0000275e   0x0000275e   0x00000002   PAD
    0x00002760   0x00002760   0x00000094   Code   RO            2    i.handleSelection   main.o
    0x000027f4   0x000027f4   0x0000005c   Code   RO          934    i.initBricks        pong.o
    0x00002850   0x00002850   0x0000002a   Code   RO         1107    i.isrMessageGet     RTX_CM3.lib(rt_cmsis.o)
    0x0000287a   0x0000287a   0x0000002c   Code   RO         1108    i.isrMessagePut     RTX_CM3.lib(rt_cmsis.o)
    0x000028a6   0x000028a6   0x00000002   PAD
    0x000028a8   0x000028a8   0x00000056   Code   RO         2056    i.isr_mbx_receive   RTX_CM3.lib(rt_mailbox.o)
    0x000028fe   0x000028fe   0x0000000e   Code   RO         2057    i.isr_mbx_send      RTX_CM3.lib(rt_mailbox.o)
    0x0000290c   0x0000290c   0x00000062   Code   RO          907    i.launchGameMenu    game_menu.o
    0x0000296e   0x0000296e   0x00000002   PAD
    0x00002970   0x00002970   0x000001a0   Code   RO          868    i.logicSnakeGame    snake.o
    0x00002b10   0x00002b10   0x00000060   Code   RO            3    i.main              main.o
    0x00002b70   0x00002b70   0x0000014c   Code   RO          935    i.moveBall          pong.o
    0x00002cbc   0x00002cbc   0x0000003c   Code   RO          936    i.movePaddle        pong.o
    0x00002cf8   0x00002cf8   0x00000024   Code   RO         1112    i.osKernelInitialize  RTX_CM3.lib(rt_cmsis.o)
    0x00002d1c   0x00002d1c   0x0000006c   Code   RO         1114    i.osKernelStart     RTX_CM3.lib(rt_cmsis.o)
    0x00002d88   0x00002d88   0x00000018   Code   RO         1123    i.osMessageGet      RTX_CM3.lib(rt_cmsis.o)
    0x00002da0   0x00002da0   0x0000002c   Code   RO         1140    i.osThreadCreate    RTX_CM3.lib(rt_cmsis.o)
    0x00002dcc   0x00002dcc   0x00000018   Code   RO         1141    i.osThreadExit      RTX_CM3.lib(rt_cmsis.o)
    0x00002de4   0x00002de4   0x0000000c   Code   RO         1147    i.osTimerCall       RTX_CM3.lib(rt_cmsis.o)
    0x00002df0   0x00002df0   0x0000002c   Code   RO         1152    i.osTimerThread     RTX_CM3.lib(rt_cmsis.o)
    0x00002e1c   0x00002e1c   0x00000022   Code   RO         1048    i.os_error          rtx_conf_cm.o
    0x00002e3e   0x00002e3e   0x00000004   Code   RO         1049    i.os_idle_demon     rtx_conf_cm.o
    0x00002e42   0x00002e42   0x00000002   PAD
    0x00002e44   0x00002e44   0x00000028   Code   RO         1848    i.os_tick_init      RTX_CM3.lib(rt_system.o)
    0x00002e6c   0x00002e6c   0x00000002   Code   RO         1849    i.os_tick_irqack    RTX_CM3.lib(rt_system.o)
    0x00002e6e   0x00002e6e   0x00000002   PAD
    0x00002e70   0x00002e70   0x0000008c   Code   RO          665    i.rd_id_man         glcd_spi_lpc1700.o
    0x00002efc   0x00002efc   0x00000048   Code   RO          666    i.rd_reg            glcd_spi_lpc1700.o
    0x00002f44   0x00002f44   0x0000001a   Code   RO         2202    i.rt_alloc_box      RTX_CM3.lib(rt_membox.o)
    0x00002f5e   0x00002f5e   0x0000003e   Code   RO         2230    i.rt_alloc_mem      RTX_CM3.lib(rt_memory.o)
    0x00002f9c   0x00002f9c   0x00000038   Code   RO         1729    i.rt_block          RTX_CM3.lib(rt_task.o)
    0x00002fd4   0x00002fd4   0x00000048   Code   RO         2179    i.rt_chk_robin      RTX_CM3.lib(rt_robin.o)
    0x0000301c   0x0000301c   0x00000070   Code   RO         1980    i.rt_dec_dly        RTX_CM3.lib(rt_list.o)
    0x0000308c   0x0000308c   0x00000044   Code   RO         1730    i.rt_dispatch       RTX_CM3.lib(rt_task.o)
    0x000030d0   0x000030d0   0x00000050   Code   RO         1941    i.rt_evt_psh        RTX_CM3.lib(rt_event.o)
    0x00003120   0x00003120   0x0000002c   Code   RO         2203    i.rt_free_box       RTX_CM3.lib(rt_membox.o)
    0x0000314c   0x0000314c   0x00000028   Code   RO         2231    i.rt_free_mem       RTX_CM3.lib(rt_memory.o)
    0x00003174   0x00003174   0x00000028   Code   RO         1981    i.rt_get_first      RTX_CM3.lib(rt_list.o)
    0x0000319c   0x0000319c   0x00000008   Code   RO         1157    i.rt_id2obj         RTX_CM3.lib(rt_cmsis.o)
    0x000031a4   0x000031a4   0x00000048   Code   RO         1731    i.rt_init_context   RTX_CM3.lib(rt_task.o)
    0x000031ec   0x000031ec   0x0000001a   Code   RO         2232    i.rt_init_mem       RTX_CM3.lib(rt_memory.o)
    0x00003206   0x00003206   0x00000002   PAD
    0x00003208   0x00003208   0x00000018   Code   RO         2180    i.rt_init_robin     RTX_CM3.lib(rt_robin.o)
    0x00003220   0x00003220   0x00000080   Code   RO         2257    i.rt_init_stack     RTX_CM3.lib(hal_cm.o)
    0x000032a0   0x000032a0   0x00000008   Code   RO         2058    i.rt_mbx_check      RTX_CM3.lib(rt_mailbox.o)
    0x000032a8   0x000032a8   0x0000001a   Code   RO         2059    i.rt_mbx_init       RTX_CM3.lib(rt_mailbox.o)
    0x000032c2   0x000032c2   0x00000002   PAD
    0x000032c4   0x000032c4   0x000000f0   Code   RO         2060    i.rt_mbx_psh        RTX_CM3.lib(rt_mailbox.o)
    0x000033b4   0x000033b4   0x000000b4   Code   RO         2062    i.rt_mbx_wait       RTX_CM3.lib(rt_mailbox.o)
    0x00003468   0x00003468   0x00000044   Code   RO         1158    i.rt_ms2tick        RTX_CM3.lib(rt_cmsis.o)
    0x000034ac   0x000034ac   0x000000d8   Code   RO         1815    i.rt_mut_release    RTX_CM3.lib(rt_mutex.o)
    0x00003584   0x00003584   0x00000078   Code   RO         1816    i.rt_mut_wait       RTX_CM3.lib(rt_mutex.o)
    0x000035fc   0x000035fc   0x0000007c   Code   RO         1852    i.rt_pop_req        RTX_CM3.lib(rt_system.o)
    0x00003678   0x00003678   0x00000020   Code   RO         1853    i.rt_psh_req        RTX_CM3.lib(rt_system.o)
    0x00003698   0x00003698   0x0000005c   Code   RO         1983    i.rt_psq_enq        RTX_CM3.lib(rt_list.o)
    0x000036f4   0x000036f4   0x00000048   Code   RO         1984    i.rt_put_dly        RTX_CM3.lib(rt_list.o)
    0x0000373c   0x0000373c   0x00000036   Code   RO         1985    i.rt_put_prio       RTX_CM3.lib(rt_list.o)
    0x00003772   0x00003772   0x00000002   PAD
    0x00003774   0x00003774   0x00000014   Code   RO         1986    i.rt_put_rdy_first  RTX_CM3.lib(rt_list.o)
    0x00003788   0x00003788   0x00000034   Code   RO         1987    i.rt_resort_prio    RTX_CM3.lib(rt_list.o)
    0x000037bc   0x000037bc   0x00000006   Code   RO         2258    i.rt_ret_val        RTX_CM3.lib(hal_cm.o)
    0x000037c2   0x000037c2   0x00000008   Code   RO         2259    i.rt_ret_val2       RTX_CM3.lib(hal_cm.o)
    0x000037ca   0x000037ca   0x00000028   Code   RO         1988    i.rt_rmv_dly        RTX_CM3.lib(rt_list.o)
    0x000037f2   0x000037f2   0x00000002   PAD
    0x000037f4   0x000037f4   0x00000030   Code   RO         1989    i.rt_rmv_list       RTX_CM3.lib(rt_list.o)
    0x00003824   0x00003824   0x00000034   Code   RO         2107    i.rt_sem_psh        RTX_CM3.lib(rt_semaphore.o)
    0x00003858   0x00003858   0x00000024   Code   RO         1855    i.rt_stk_check      RTX_CM3.lib(rt_system.o)
    0x0000387c   0x0000387c   0x00000028   Code   RO         1732    i.rt_switch_req     RTX_CM3.lib(rt_task.o)
    0x000038a4   0x000038a4   0x000000cc   Code   RO         1733    i.rt_sys_init       RTX_CM3.lib(rt_task.o)
    0x00003970   0x00003970   0x00000078   Code   RO         1734    i.rt_sys_start      RTX_CM3.lib(rt_task.o)
    0x000039e8   0x000039e8   0x00000040   Code   RO         1857    i.rt_systick        RTX_CM3.lib(rt_system.o)
    0x00003a28   0x00003a28   0x00000012   Code   RO         1159    i.rt_tid2ptcb       RTX_CM3.lib(rt_cmsis.o)
    0x00003a3a   0x00003a3a   0x00000002   PAD
    0x00003a3c   0x00003a3c   0x00000034   Code   RO         1160    i.rt_timer_insert   RTX_CM3.lib(rt_cmsis.o)
    0x00003a70   0x00003a70   0x00000088   Code   RO         1735    i.rt_tsk_create     RTX_CM3.lib(rt_task.o)
    0x00003af8   0x00003af8   0x0000017c   Code   RO         1736    i.rt_tsk_delete     RTX_CM3.lib(rt_task.o)
    0x00003c74   0x00003c74   0x0000007c   Code   RO         1738    i.rt_tsk_prio       RTX_CM3.lib(rt_task.o)
    0x00003cf0   0x00003cf0   0x00000010   Code   RO         1739    i.rt_tsk_self       RTX_CM3.lib(rt_task.o)
    0x00003d00   0x00003d00   0x0000007c   Code   RO          869    i.setupSnakeGame    snake.o
    0x00003d7c   0x00003d7c   0x00000020   Code   RO          667    i.spi_tran          glcd_spi_lpc1700.o
    0x00003d9c   0x00003d9c   0x00000080   Code   RO          668    i.spi_tran_man      glcd_spi_lpc1700.o
    0x00003e1c   0x00003e1c   0x000000cc   Code   RO          937    i.startPongGame     pong.o
    0x00003ee8   0x00003ee8   0x00000020   Code   RO          870    i.startSnakeGame    snake.o
    0x00003f08   0x00003f08   0x00000070   Code   RO         1163    i.svcKernelInitialize  RTX_CM3.lib(rt_cmsis.o)
    0x00003f78   0x00003f78   0x00000048   Code   RO         1165    i.svcKernelStart    RTX_CM3.lib(rt_cmsis.o)
    0x00003fc0   0x00003fc0   0x00000024   Code   RO         1168    i.svcMessageCreate  RTX_CM3.lib(rt_cmsis.o)
    0x00003fe4   0x00003fe4   0x0000003a   Code   RO         1169    i.svcMessageGet     RTX_CM3.lib(rt_cmsis.o)
    0x0000401e   0x0000401e   0x00000002   PAD
    0x00004020   0x00004020   0x0000006c   Code   RO         1183    i.svcThreadCreate   RTX_CM3.lib(rt_cmsis.o)
    0x0000408c   0x0000408c   0x0000001c   Code   RO         1184    i.svcThreadGetId    RTX_CM3.lib(rt_cmsis.o)
    0x000040a8   0x000040a8   0x00000038   Code   RO         1187    i.svcThreadTerminate  RTX_CM3.lib(rt_cmsis.o)
    0x000040e0   0x000040e0   0x00000018   Code   RO         1189    i.svcTimerCall      RTX_CM3.lib(rt_cmsis.o)
    0x000040f8   0x000040f8   0x0000005c   Code   RO         1198    i.sysTimerTick      RTX_CM3.lib(rt_cmsis.o)
    0x00004154   0x00004154   0x000000d4   Code   RO          226    i.usbmain           usbdmain.o
    0x00004228   0x00004228   0x00000028   Code   RO          669    i.wr_cmd            glcd_spi_lpc1700.o
    0x00004250   0x00004250   0x00000028   Code   RO          670    i.wr_dat            glcd_spi_lpc1700.o
    0x00004278   0x00004278   0x00000012   Code   RO          671    i.wr_dat_only       glcd_spi_lpc1700.o
    0x0000428a   0x0000428a   0x00000002   PAD
    0x0000428c   0x0000428c   0x00000014   Code   RO          672    i.wr_dat_start      glcd_spi_lpc1700.o
    0x000042a0   0x000042a0   0x0000000c   Code   RO          673    i.wr_dat_stop       glcd_spi_lpc1700.o
    0x000042ac   0x000042ac   0x00000014   Code   RO          674    i.wr_reg            glcd_spi_lpc1700.o
    0x000042c0   0x000042c0   0x000000e4   Data   RO          212    .constdata          usbdesc.o
    0x000043a4   0x000043a4   0x00000010   Data   RO          298    .constdata          usbhw.o
    0x000043b4   0x000043b4   0x00000040   Data   RO          489    .constdata          usbuser.o
    0x000043f4   0x000043f4   0x00001880   Data   RO          675    .constdata          glcd_spi_lpc1700.o
    0x00005c74   0x00005c74   0x00000068   Data   RO         1051    .constdata          rtx_conf_cm.o
    0x00005cdc   0x00005cdc   0x00000020   Data   RO         2490    Region$$Table       anon$$obj.o


    Execution Region ER_RW (Exec base: 0x10000000, Load base: 0x00005cfc, Size: 0x000000d8, Max: 0xffffffff, ABSOLUTE)

    Exec Addr    Load Addr    Size         Type   Attr      Idx    E Section Name        Object

    0x10000000   0x00005cfc   0x00000002   Data   RW           55    .data               adcuser.o
    0x10000002   0x00005cfe   0x00000002   PAD
    0x10000004   0x00005d00   0x00000028   Data   RW          115    .data               usbcore.o
    0x1000002c   0x00005d28   0x00000020   Data   RW          227    .data               usbdmain.o
    0x1000004c   0x00005d48   0x00000008   Data   RW          299    .data               usbhw.o
    0x10000054   0x00005d50   0x00000005   Data   RW          676    .data               glcd_spi_lpc1700.o
    0x10000059   0x00005d55   0x00000003   PAD
    0x1000005c   0x00005d58   0x00000020   Data   RW          872    .data               snake.o
    0x1000007c   0x00005d78   0x00000018   Data   RW          939    .data               pong.o
    0x10000094   0x00005d90   0x00000008   Data   RW         1016    .data               system_lpc17xx.o
    0x1000009c   0x00005d98   0x00000014   Data   RW         1052    .data               rtx_conf_cm.o
    0x100000b0   0x00005dac   0x00000008   Data   RW         1201    .data               RTX_CM3.lib(rt_cmsis.o)
    0x100000b8   0x00005db4   0x00000008   Data   RW         1741    .data               RTX_CM3.lib(rt_task.o)
    0x100000c0   0x00005dbc   0x00000008   Data   RW         1860    .data               RTX_CM3.lib(rt_system.o)
    0x100000c8   0x00005dc4   0x00000004   Data   RW         2150    .data               RTX_CM3.lib(rt_time.o)
    0x100000cc   0x00005dc8   0x00000008   Data   RW         2181    .data               RTX_CM3.lib(rt_robin.o)
    0x100000d4   0x00005dd0   0x00000001   Data   RW         2260    .data               RTX_CM3.lib(hal_cm.o)


    Execution Region ER_ZI (Exec base: 0x100000d8, Load base: 0x00005dd4, Size: 0x000016d8, Max: 0xffffffff, ABSOLUTE)

    Exec Addr    Load Addr    Size         Type   Attr      Idx    E Section Name        Object

    0x100000d8        -       0x00000040   Zero   RW          114    .bss                usbcore.o
    0x10000118        -       0x00000080   Zero   RW          297    .bss                usbhw.o
    0x10000198        -       0x00000320   Zero   RW          871    .bss                snake.o
    0x100004b8        -       0x00000168   Zero   RW          938    .bss                pong.o
    0x10000620        -       0x00000bc8   Zero   RW         1050    .bss                rtx_conf_cm.o
    0x100011e8        -       0x00000034   Zero   RW         1740    .bss                RTX_CM3.lib(rt_task.o)
    0x1000121c        -       0x00000030   Zero   RW         1990    .bss                RTX_CM3.lib(rt_list.o)
    0x1000124c        -       0x00000060   Zero   RW         2318    .bss                c_w.l(libspace.o)
    0x100012ac        -       0x000000e4   Zero   RW         2324    .bss                c_w.l(rand.o)
    0x10001390        -       0x00000000   Zero   RW         1004    HEAP                startup_lpc17xx.o
    0x10001390        -       0x00000200   Zero   RW         1003    STACK               startup_lpc17xx.o
    0x10001590        -       0x00000220   Zero   RW          300    USB_RAM             usbhw.o


==============================================================================

Image component sizes


      Code (inc. data)   RO Data    RW Data    ZI Data      Debug   Object Name

       248         32          0          2          0       6942   adcuser.o
       400         80          0          0          0       1605   game_menu.o
      2592         94       6272          5          0      13321   glcd_spi_lpc1700.o
        96         22          0          0          0       1254   kbd.o
       488        128          0          0          0       6043   main.o
       972        122          0         24        360       5089   pong.o
       126         26        104         20       3016       9231   rtx_conf_cm.o
       574         64          0         32        800       2924   snake.o
        64         26        204          0        512        960   startup_lpc17xx.o
       640         36          0          8          0       1287   system_lpc17xx.o
      2374        236          0         40         64      11203   usbcore.o
         0          0        228          0          0        657   usbdesc.o
       552         82          0         32          0      22596   usbdmain.o
      2040        230         16          8        672      14188   usbhw.o
       194         20         64          0          0       1961   usbuser.o

    ----------------------------------------------------------------------
     11380       1198       6920        176       5424      99261   Object Totals
         0          0         32          0          0          0   (incl. Generated)
        20          0          0          5          0          0   (incl. Padding)

    ----------------------------------------------------------------------

      Code (inc. data)   RO Data    RW Data    ZI Data      Debug   Library Member Name

       238         24          0          1          0       3244   hal_cm.o
       304         36          0          0          0        756   hal_cm3.o
      1110        138          0          8          0      32233   rt_cmsis.o
        80          4          0          0          0        649   rt_event.o
       530         34          0          0         48       8157   rt_list.o
       554         10          0          0          0       3889   rt_mailbox.o
       140          0          0          0          0       1889   rt_membox.o
       128          0          0          0          0       2267   rt_memory.o
       336         14          0          0          0       1623   rt_mutex.o
        96         22          0          8          0       1134   rt_robin.o
        52          4          0          0          0        565   rt_semaphore.o
       298         52          0          8          0       6139   rt_system.o
      1216        174          0          8         52       9537   rt_task.o
         0          0          0          4          0        206   rt_time.o
         4          4          0          0          0        196   svc_table.o
         8          0          0          0          0         68   __main.o
         0          0          0          0          0          0   __rtentry.o
        20          0          0          0          0          0   __rtentry2.o
         6          0          0          0          0          0   __rtentry4.o
        52          8          0          0          0          0   __scatter.o
        26          0          0          0          0          0   __scatter_copy.o
        28          0          0          0          0          0   __scatter_zi.o
        18          0          0          0          0         80   exit.o
         6          0          0          0          0        152   heapauxi.o
         0          0          0          0          0          0   indicate_semi.o
         2          0          0          0          0          0   libinit.o
         6          0          0          0          0          0   libinit2.o
         2          0          0          0          0          0   libshutdown.o
         2          0          0          0          0          0   libshutdown2.o
         8          4          0          0         96         68   libspace.o
       112         18          0          0        228        160   rand.o
         2          0          0          0          0          0   rtexit.o
        10          0          0          0          0          0   rtexit2.o
        12          4          0          0          0         68   sys_exit.o
        74          0          0          0          0         80   sys_stackheap_outer.o
         2          0          0          0          0         68   use_no_semi.o

    ----------------------------------------------------------------------
      5504        550          0         40        424      73228   Library Totals
        22          0          0          3          0          0   (incl. Padding)

    ----------------------------------------------------------------------

      Code (inc. data)   RO Data    RW Data    ZI Data      Debug   Library Name

      5086        516          0         37        100      72484   RTX_CM3.lib
       396         34          0          0        324        744   c_w.l

    ----------------------------------------------------------------------
      5504        550          0         40        424      73228   Library Totals

    ----------------------------------------------------------------------

==============================================================================


      Code (inc. data)   RO Data    RW Data    ZI Data      Debug   

     16884       1748       6920        216       5848     163905   Grand Totals
     16884       1748       6920        216       5848     163905   ELF Image Totals
     16884       1748       6920        216          0          0   ROM Totals

==============================================================================

    Total RO  Size (Code + RO Data)                23804 (  23.25kB)
    Total RW  Size (RW Data + ZI Data)              6064 (   5.92kB)
    Total ROM Size (Code + RO Data + RW Data)      24020 (  23.46kB)

==============================================================================

